Component: ARM Compiler 5.06 update 7 (build 960) Tool: armlink [4d3601]

==============================================================================

Section Cross References

    main.o(i.Key_) refers to key.o(i.KEY_Scan) for KEY_Scan
    main.o(i.Key_) refers to delay.o(i.delay_ms) for delay_ms
    main.o(i.Key_) refers to main.o(.data) for .data
    main.o(i.LCD_show) refers to _printf_percent.o(.ARM.Collect$$_printf_percent$$00000000) for _printf_percent
    main.o(i.LCD_show) refers to _printf_d.o(.ARM.Collect$$_printf_percent$$00000009) for _printf_d
    main.o(i.LCD_show) refers to _printf_dec.o(.text) for _printf_int_dec
    main.o(i.LCD_show) refers to _printf_f.o(.ARM.Collect$$_printf_percent$$00000003) for _printf_f
    main.o(i.LCD_show) refers to printf1.o(x$fpl$printf1) for _printf_fp_dec
    main.o(i.LCD_show) refers to noretval__2sprintf.o(.text) for __2sprintf
    main.o(i.LCD_show) refers to lcd.o(i.LCD_ShowString) for LCD_ShowString
    main.o(i.LCD_show) refers to f2d.o(x$fpl$f2d) for __aeabi_f2d
    main.o(i.LCD_show) refers to main.o(.data) for .data
    main.o(i.LCD_show) refers to main.o(.bss) for .bss
    main.o(i.SystemClock_Config) refers to rt_memclr_w.o(.text) for __aeabi_memclr4
    main.o(i.SystemClock_Config) refers to stm32f1xx_hal_rcc.o(i.HAL_RCC_OscConfig) for HAL_RCC_OscConfig
    main.o(i.SystemClock_Config) refers to stm32f1xx_hal_rcc.o(i.HAL_RCC_ClockConfig) for HAL_RCC_ClockConfig
    main.o(i.SystemClock_Config) refers to stm32f1xx_hal_rcc_ex.o(i.HAL_RCCEx_PeriphCLKConfig) for HAL_RCCEx_PeriphCLKConfig
    main.o(i.UART_Receive) refers to stm32f1xx_hal_uart.o(i.HAL_UART_Receive) for HAL_UART_Receive
    main.o(i.UART_Receive) refers to rt_memclr_w.o(.text) for __aeabi_memclr4
    main.o(i.UART_Receive) refers to strcat.o(.text) for strcat
    main.o(i.UART_Receive) refers to rt_memcpy_v6.o(.text) for __aeabi_memcpy
    main.o(i.UART_Receive) refers to main.o(.bss) for .bss
    main.o(i.UART_Receive) refers to usart.o(.bss) for huart3
    main.o(i.UART_Receive) refers to main.o(.data) for .data
    main.o(i.UART_Send) refers to _printf_percent.o(.ARM.Collect$$_printf_percent$$00000000) for _printf_percent
    main.o(i.UART_Send) refers to _printf_d.o(.ARM.Collect$$_printf_percent$$00000009) for _printf_d
    main.o(i.UART_Send) refers to _printf_f.o(.ARM.Collect$$_printf_percent$$00000003) for _printf_f
    main.o(i.UART_Send) refers to _printf_dec.o(.text) for _printf_int_dec
    main.o(i.UART_Send) refers to printf1.o(x$fpl$printf1) for _printf_fp_dec
    main.o(i.UART_Send) refers to f2d.o(x$fpl$f2d) for __aeabi_f2d
    main.o(i.UART_Send) refers to noretval__2sprintf.o(.text) for __2sprintf
    main.o(i.UART_Send) refers to strlen.o(.text) for strlen
    main.o(i.UART_Send) refers to stm32f1xx_hal_uart.o(i.HAL_UART_Transmit_IT) for HAL_UART_Transmit_IT
    main.o(i.UART_Send) refers to main.o(.data) for .data
    main.o(i.UART_Send) refers to main.o(.bss) for .bss
    main.o(i.UART_Send) refers to usart.o(.bss) for huart1
    main.o(i.main) refers to stm32f1xx_hal.o(i.HAL_Init) for HAL_Init
    main.o(i.main) refers to main.o(i.SystemClock_Config) for SystemClock_Config
    main.o(i.main) refers to gpio.o(i.MX_GPIO_Init) for MX_GPIO_Init
    main.o(i.main) refers to adc.o(i.MX_ADC1_Init) for MX_ADC1_Init
    main.o(i.main) refers to usart.o(i.MX_USART3_UART_Init) for MX_USART3_UART_Init
    main.o(i.main) refers to usart.o(i.MX_USART1_UART_Init) for MX_USART1_UART_Init
    main.o(i.main) refers to fsmc.o(i.MX_FSMC_Init) for MX_FSMC_Init
    main.o(i.main) refers to stm32f1xx_hal_adc_ex.o(i.HAL_ADCEx_Calibration_Start) for HAL_ADCEx_Calibration_Start
    main.o(i.main) refers to key.o(i.KEY_Init) for KEY_Init
    main.o(i.main) refers to delay.o(i.delay_init) for delay_init
    main.o(i.main) refers to lcd.o(i.LCD_Init) for LCD_Init
    main.o(i.main) refers to lcd.o(i.LCD_Clear) for LCD_Clear
    main.o(i.main) refers to main.o(i.scan) for scan
    main.o(i.main) refers to main.o(i.receive_ADC) for receive_ADC
    main.o(i.main) refers to main.o(i.LCD_show) for LCD_show
    main.o(i.main) refers to main.o(i.UART_Send) for UART_Send
    main.o(i.main) refers to main.o(i.UART_Receive) for UART_Receive
    main.o(i.main) refers to main.o(i.Key_) for Key_
    main.o(i.main) refers to adc.o(.bss) for hadc1
    main.o(i.main) refers to lcd.o(.data) for POINT_COLOR
    main.o(i.main) refers to main.o(.data) for .data
    main.o(i.receive_ADC) refers to stm32f1xx_hal_adc.o(i.HAL_ADC_Start) for HAL_ADC_Start
    main.o(i.receive_ADC) refers to stm32f1xx_hal_adc.o(i.HAL_ADC_PollForConversion) for HAL_ADC_PollForConversion
    main.o(i.receive_ADC) refers to stm32f1xx_hal_adc.o(i.HAL_ADC_GetValue) for HAL_ADC_GetValue
    main.o(i.receive_ADC) refers to fflt_clz.o(x$fpl$fflt) for __aeabi_i2f
    main.o(i.receive_ADC) refers to f2d.o(x$fpl$f2d) for __aeabi_f2d
    main.o(i.receive_ADC) refers to dmul.o(x$fpl$dmul) for __aeabi_dmul
[...]
    .ARM.Collect$$libshutdown$$00000006      0x080001ca   Section        0  libshutdown2.o(.ARM.Collect$$libshutdown$$00000006)
    .ARM.Collect$$libshutdown$$00000009      0x080001ca   Section        0  libshutdown2.o(.ARM.Collect$$libshutdown$$00000009)
    .ARM.Collect$$libshutdown$$0000000C      0x080001ca   Section        0  libshutdown2.o(.ARM.Collect$$libshutdown$$0000000C)
    .ARM.Collect$$libshutdown$$0000000E      0x080001ca   Section        0  libshutdown2.o(.ARM.Collect$$libshutdown$$0000000E)
    .ARM.Collect$$libshutdown$$00000011      0x080001ca   Section        0  libshutdown2.o(.ARM.Collect$$libshutdown$$00000011)
    .ARM.Collect$$libshutdown$$00000012      0x080001ca   Section        2  libshutdown2.o(.ARM.Collect$$libshutdown$$00000012)
    .ARM.Collect$$rtentry$$00000000          0x080001cc   Section        0  __rtentry.o(.ARM.Collect$$rtentry$$00000000)
    .ARM.Collect$$rtentry$$00000002          0x080001cc   Section        0  __rtentry2.o(.ARM.Collect$$rtentry$$00000002)
    .ARM.Collect$$rtentry$$00000004          0x080001cc   Section        6  __rtentry4.o(.ARM.Collect$$rtentry$$00000004)
    .ARM.Collect$$rtentry$$00000009          0x080001d2   Section        0  __rtentry2.o(.ARM.Collect$$rtentry$$00000009)
    .ARM.Collect$$rtentry$$0000000A          0x080001d2   Section        4  __rtentry2.o(.ARM.Collect$$rtentry$$0000000A)
    .ARM.Collect$$rtentry$$0000000C          0x080001d6   Section        0  __rtentry2.o(.ARM.Collect$$rtentry$$0000000C)
    .ARM.Collect$$rtentry$$0000000D          0x080001d6   Section        8  __rtentry2.o(.ARM.Collect$$rtentry$$0000000D)
    .ARM.Collect$$rtexit$$00000000           0x080001de   Section        2  rtexit.o(.ARM.Collect$$rtexit$$00000000)
    .ARM.Collect$$rtexit$$00000002           0x080001e0   Section        0  rtexit2.o(.ARM.Collect$$rtexit$$00000002)
    .ARM.Collect$$rtexit$$00000003           0x080001e0   Section        4  rtexit2.o(.ARM.Collect$$rtexit$$00000003)
    .ARM.Collect$$rtexit$$00000004           0x080001e4   Section        6  rtexit2.o(.ARM.Collect$$rtexit$$00000004)
    .text                                    0x080001ec   Section       64  startup_stm32f103xe.o(.text)
    .text                                    0x0800022c   Section        0  noretval__2sprintf.o(.text)
    .text                                    0x08000254   Section        0  _printf_dec.o(.text)
    .text                                    0x080002cc   Section        0  __printf_ss_wp.o(.text)
    .text                                    0x0800042c   Section        0  strlen.o(.text)
    .text                                    0x0800046a   Section        0  strcat.o(.text)
    .text                                    0x08000482   Section      138  rt_memcpy_v6.o(.text)
    .text                                    0x0800050c   Section       78  rt_memclr_w.o(.text)
    .text                                    0x0800055a   Section        0  heapauxi.o(.text)
    .text                                    0x08000560   Section        0  _printf_intcommon.o(.text)
    .text                                    0x08000612   Section        0  _printf_fp_dec.o(.text)
    _fp_digits                               0x08000615   Thumb Code   432  _printf_fp_dec.o(.text)
    .text                                    0x08000a30   Section        0  _printf_char_common.o(.text)
    _printf_input_char                       0x08000a31   Thumb Code    10  _printf_char_common.o(.text)
    .text                                    0x08000a60   Section        0  _sputc.o(.text)
    .text                                    0x08000a6a   Section      100  rt_memcpy_w.o(.text)
    .text                                    0x08000ad0   Section        8  rt_locale_intlibspace.o(.text)
    .text                                    0x08000ad8   Section      138  lludiv10.o(.text)
    .text                                    0x08000b64   Section        0  _printf_fp_infnan.o(.text)
    .text                                    0x08000be4   Section        0  bigflt0.o(.text)
    .text                                    0x08000cc8   Section        8  libspace.o(.text)
    .text                                    0x08000cd0   Section       74  sys_stackheap_outer.o(.text)
    .text                                    0x08000d1a   Section        0  exit.o(.text)
    .text                                    0x08000d2c   Section      128  strcmpv7m.o(.text)
    .text                                    0x08000dac   Section        0  sys_exit.o(.text)
    .text                                    0x08000db8   Section        2  use_no_semi.o(.text)
    .text                                    0x08000dba   Section        0  indicate_semi.o(.text)
    CL$$btod_d2e                             0x08000dba   Section       62  btod.o(CL$$btod_d2e)
    CL$$btod_d2e_denorm_low                  0x08000df8   Section       70  btod.o(CL$$btod_d2e_denorm_low)
    CL$$btod_d2e_norm_op1                    0x08000e3e   Section       96  btod.o(CL$$btod_d2e_norm_op1)
    CL$$btod_div_common                      0x08000e9e   Section      824  btod.o(CL$$btod_div_common)
    CL$$btod_e2e                             0x080011d6   Section      220  btod.o(CL$$btod_e2e)
    CL$$btod_ediv                            0x080012b2   Section       42  btod.o(CL$$btod_ediv)
    CL$$btod_emul                            0x080012dc   Section       42  btod.o(CL$$btod_emul)
    CL$$btod_mult_common                     0x08001306   Section      580  btod.o(CL$$btod_mult_common)
    i.ADC_ConversionStop_Disable             0x0800154c   Section        0  stm32f1xx_hal_adc.o(i.ADC_ConversionStop_Disable)
    i.ADC_Enable                             0x080015a4   Section        0  stm32f1xx_hal_adc.o(i.ADC_Enable)
    i.BusFault_Handler                       0x08001620   Section        0  stm32f1xx_it.o(i.BusFault_Handler)
    i.DebugMon_Handler                       0x08001622   Section        0  stm32f1xx_it.o(i.DebugMon_Handler)
    i.Error_Handler                          0x08001624   Section        0  main.o(i.Error_Handler)
    i.FSMC_NORSRAM_Extended_Timing_Init      0x08001628   Section        0  stm32f1xx_ll_fsmc.o(i.FSMC_NORSRAM_Extended_Timing_Init)
    i.FSMC_NORSRAM_Init                      0x08001664   Section        0  stm32f1xx_ll_fsmc.o(i.FSMC_NORSRAM_Init)
    i.FSMC_NORSRAM_Timing_Init               0x080016cc   Section        0  stm32f1xx_ll_fsmc.o(i.FSMC_NORSRAM_Timing_Init)
    i.HAL_ADCEx_Calibration_Start            0x08001710   Section        0  stm32f1xx_hal_adc_ex.o(i.HAL_ADCEx_Calibration_Start)
    i.HAL_ADC_ConfigChannel                  0x080017e8   Section        0  stm32f1xx_hal_adc.o(i.HAL_ADC_ConfigChannel)
    i.HAL_ADC_GetValue                       0x080018e4   Section        0  stm32f1xx_hal_adc.o(i.HAL_ADC_GetValue)
    i.HAL_ADC_Init                           0x080018ec   Section        0  stm32f1xx_hal_adc.o(i.HAL_ADC_Init)
    i.HAL_ADC_MspInit                        0x08001a0c   Section        0  adc.o(i.HAL_ADC_MspInit)
    i.HAL_ADC_PollForConversion              0x08001a64   Section        0  stm32f1xx_hal_adc.o(i.HAL_ADC_PollForConversion)
    i.HAL_ADC_Start                          0x08001ba0   Section        0  stm32f1xx_hal_adc.o(i.HAL_ADC_Start)
    i.HAL_ADC_Stop                           0x08001c60   Section        0  stm32f1xx_hal_adc.o(i.HAL_ADC_Stop)
    i.HAL_DMA_Abort                          0x08001c94   Section        0  stm32f1xx_hal_dma.o(i.HAL_DMA_Abort)
    i.HAL_DMA_Abort_IT                       0x08001cdc   Section        0  stm32f1xx_hal_dma.o(i.HAL_DMA_Abort_IT)
    i.HAL_GPIO_Init                          0x08001e0c   Section        0  stm32f1xx_hal_gpio.o(i.HAL_GPIO_Init)
    i.HAL_GPIO_ReadPin                       0x08002004   Section        0  stm32f1xx_hal_gpio.o(i.HAL_GPIO_ReadPin)
    i.HAL_GPIO_WritePin                      0x0800200e   Section        0  stm32f1xx_hal_gpio.o(i.HAL_GPIO_WritePin)
    i.HAL_GetTick                            0x08002018   Section        0  stm32f1xx_hal.o(i.HAL_GetTick)
    i.HAL_IncTick                            0x08002024   Section        0  stm32f1xx_hal.o(i.HAL_IncTick)
    i.HAL_Init                               0x08002034   Section        0  stm32f1xx_hal.o(i.HAL_Init)
    i.HAL_InitTick                           0x08002058   Section        0  stm32f1xx_hal.o(i.HAL_InitTick)
    i.HAL_MspInit                            0x08002098   Section        0  stm32f1xx_hal_msp.o(i.HAL_MspInit)
    i.HAL_NVIC_EnableIRQ                     0x080020d4   Section        0  stm32f1xx_hal_cortex.o(i.HAL_NVIC_EnableIRQ)
    i.HAL_NVIC_SetPriority                   0x080020f0   Section        0  stm32f1xx_hal_cortex.o(i.HAL_NVIC_SetPriority)
    i.HAL_NVIC_SetPriorityGrouping           0x08002130   Section        0  stm32f1xx_hal_cortex.o(i.HAL_NVIC_SetPriorityGrouping)
    i.HAL_RCCEx_GetPeriphCLKFreq             0x08002154   Section        0  stm32f1xx_hal_rcc_ex.o(i.HAL_RCCEx_GetPeriphCLKFreq)
    i.HAL_RCCEx_PeriphCLKConfig              0x0800220c   Section        0  stm32f1xx_hal_rcc_ex.o(i.HAL_RCCEx_PeriphCLKConfig)
    i.HAL_RCC_ClockConfig                    0x080022f8   Section        0  stm32f1xx_hal_rcc.o(i.HAL_RCC_ClockConfig)
    i.HAL_RCC_GetPCLK1Freq                   0x08002424   Section        0  stm32f1xx_hal_rcc.o(i.HAL_RCC_GetPCLK1Freq)
    i.HAL_RCC_GetPCLK2Freq                   0x08002444   Section        0  stm32f1xx_hal_rcc.o(i.HAL_RCC_GetPCLK2Freq)
    i.HAL_RCC_GetSysClockFreq                0x08002464   Section        0  stm32f1xx_hal_rcc.o(i.HAL_RCC_GetSysClockFreq)
    i.HAL_RCC_OscConfig                      0x080024b0   Section        0  stm32f1xx_hal_rcc.o(i.HAL_RCC_OscConfig)
    i.HAL_SRAM_Init                          0x080027d0   Section        0  stm32f1xx_hal_sram.o(i.HAL_SRAM_Init)
    i.HAL_SRAM_MspInit                       0x08002834   Section        0  lcd.o(i.HAL_SRAM_MspInit)
    i.HAL_SYSTICK_CLKSourceConfig            0x080028c4   Section        0  stm32f1xx_hal_cortex.o(i.HAL_SYSTICK_CLKSourceConfig)
    i.HAL_SYSTICK_Config                     0x080028dc   Section        0  stm32f1xx_hal_cortex.o(i.HAL_SYSTICK_Config)
    i.HAL_UARTEx_RxEventCallback             0x08002904   Section        0  stm32f1xx_hal_uart.o(i.HAL_UARTEx_RxEventCallback)
    i.HAL_UART_ErrorCallback                 0x08002906   Section        0  stm32f1xx_hal_uart.o(i.HAL_UART_ErrorCallback)
    i.HAL_UART_IRQHandler                    0x08002908   Section        0  stm32f1xx_hal_uart.o(i.HAL_UART_IRQHandler)
    i.HAL_UART_Init                          0x08002b74   Section        0  stm32f1xx_hal_uart.o(i.HAL_UART_Init)
    i.HAL_UART_MspInit                       0x08002bd8   Section        0  usart.o(i.HAL_UART_MspInit)
    i.HAL_UART_Receive                       0x08002cb4   Section        0  stm32f1xx_hal_uart.o(i.HAL_UART_Receive)
    i.HAL_UART_RxCpltCallback                0x08002d60   Section        0  stm32f1xx_hal_uart.o(i.HAL_UART_RxCpltCallback)
    i.HAL_UART_Transmit_IT                   0x08002d62   Section        0  stm32f1xx_hal_uart.o(i.HAL_UART_Transmit_IT)
    i.HAL_UART_TxCpltCallback                0x08002d94   Section        0  stm32f1xx_hal_uart.o(i.HAL_UART_TxCpltCallback)
    i.HardFault_Handler                      0x08002d96   Section        0  stm32f1xx_it.o(i.HardFault_Handler)
    i.KEY_Init                               0x08002d98   Section        0  key.o(i.KEY_Init)
    i.KEY_Scan                               0x08002df8   Section        0  key.o(i.KEY_Scan)
    i.Key_                                   0x08002ea0   Section        0  main.o(i.Key_)
    i.LCD_Clear                              0x08002ed0   Section        0  lcd.o(i.LCD_Clear)
    i.LCD_Display_Dir                        0x08002f00   Section        0  lcd.o(i.LCD_Display_Dir)
    i.LCD_Fast_DrawPoint                     0x08002fb8   Section        0  lcd.o(i.LCD_Fast_DrawPoint)
    i.LCD_Init                               0x08003088   Section        0  lcd.o(i.LCD_Init)
    i.LCD_RD_DATA                            0x080055c8   Section        0  lcd.o(i.LCD_RD_DATA)
    i.LCD_SSD_BackLightSet                   0x080055dc   Section        0  lcd.o(i.LCD_SSD_BackLightSet)
    i.LCD_Scan_Dir                           0x08005628   Section        0  lcd.o(i.LCD_Scan_Dir)
    i.LCD_SetCursor                          0x080057a8   Section        0  lcd.o(i.LCD_SetCursor)
    i.LCD_ShowChar                           0x0800589c   Section        0  lcd.o(i.LCD_ShowChar)
    i.LCD_ShowString                         0x08005970   Section        0  lcd.o(i.LCD_ShowString)
    i.LCD_WR_DATA                            0x080059c4   Section        0  lcd.o(i.LCD_WR_DATA)
    i.LCD_WR_REG                             0x080059dc   Section        0  lcd.o(i.LCD_WR_REG)
    i.LCD_WriteRAM_Prepare                   0x080059f4   Section        0  lcd.o(i.LCD_WriteRAM_Prepare)
    i.LCD_WriteReg                           0x08005a08   Section        0  lcd.o(i.LCD_WriteReg)
    i.LCD_show                               0x08005a18   Section        0  main.o(i.LCD_show)
    i.MX_ADC1_Init                           0x08005ae0   Section        0  adc.o(i.MX_ADC1_Init)
    i.MX_FSMC_Init                           0x08005b60   Section        0  fsmc.o(i.MX_FSMC_Init)
    i.MX_GPIO_Init                           0x08005bd8   Section        0  gpio.o(i.MX_GPIO_Init)
    i.MX_USART1_UART_Init                    0x08005c84   Section        0  usart.o(i.MX_USART1_UART_Init)
    i.MX_USART3_UART_Init                    0x08005cbc   Section        0  usart.o(i.MX_USART3_UART_Init)
    i.MemManage_Handler                      0x08005cf4   Section        0  stm32f1xx_it.o(i.MemManage_Handler)
    i.NMI_Handler                            0x08005cf6   Section        0  stm32f1xx_it.o(i.NMI_Handler)
    i.PendSV_Handler                         0x08005cf8   Section        0  stm32f1xx_it.o(i.PendSV_Handler)
    i.SVC_Handler                            0x08005cfa   Section        0  stm32f1xx_it.o(i.SVC_Handler)
    i.SysTick_Handler                        0x08005cfc   Section        0  stm32f1xx_it.o(i.SysTick_Handler)
    i.SystemClock_Config                     0x08005d00   Section        0  main.o(i.SystemClock_Config)
    i.SystemInit                             0x08005d7a   Section        0  system_stm32f1xx.o(i.SystemInit)
    i.UART_DMAAbortOnError                   0x08005d7c   Section        0  stm32f1xx_hal_uart.o(i.UART_DMAAbortOnError)
    UART_DMAAbortOnError                     0x08005d7d   Thumb Code    16  stm32f1xx_hal_uart.o(i.UART_DMAAbortOnError)
    i.UART_EndRxTransfer                     0x08005d8c   Section        0  stm32f1xx_hal_uart.o(i.UART_EndRxTransfer)
    UART_EndRxTransfer                       0x08005d8d   Thumb Code    78  stm32f1xx_hal_uart.o(i.UART_EndRxTransfer)
    i.UART_Receive                           0x08005ddc   Section        0  main.o(i.UART_Receive)
    i.UART_Receive_IT                        0x08005e2c   Section        0  stm32f1xx_hal_uart.o(i.UART_Receive_IT)
    UART_Receive_IT                          0x08005e2d   Thumb Code   194  stm32f1xx_hal_uart.o(i.UART_Receive_IT)
    i.UART_Send                              0x08005ef0   Section        0  main.o(i.UART_Send)
    i.UART_SetConfig                         0x08005f50   Section        0  stm32f1xx_hal_uart.o(i.UART_SetConfig)
    UART_SetConfig                           0x08005f51   Thumb Code   178  stm32f1xx_hal_uart.o(i.UART_SetConfig)
    i.UART_WaitOnFlagUntilTimeout            0x08006008   Section        0  stm32f1xx_hal_uart.o(i.UART_WaitOnFlagUntilTimeout)
    UART_WaitOnFlagUntilTimeout              0x08006009   Thumb Code   120  stm32f1xx_hal_uart.o(i.UART_WaitOnFlagUntilTimeout)
    i.USART1_IRQHandler                      0x08006080   Section        0  stm32f1xx_it.o(i.USART1_IRQHandler)
    i.USART3_IRQHandler                      0x0800608c   Section        0  stm32f1xx_it.o(i.USART3_IRQHandler)
    i.UsageFault_Handler                     0x08006098   Section        0  stm32f1xx_it.o(i.UsageFault_Handler)
    i.__ARM_fpclassify                       0x0800609a   Section        0  fpclassify.o(i.__ARM_fpclassify)
    i.__NVIC_SetPriority                     0x080060c2   Section        0  stm32f1xx_hal_cortex.o(i.__NVIC_SetPriority)
    __NVIC_SetPriority                       0x080060c3   Thumb Code    32  stm32f1xx_hal_cortex.o(i.__NVIC_SetPriority)
    i._is_digit                              0x080060e2   Section        0  __printf_wp.o(i._is_digit)
    i.delay_init                             0x080060f0   Section        0  delay.o(i.delay_init)
    i.delay_ms                               0x08006104   Section        0  delay.o(i.delay_ms)
    i.delay_us                               0x08006120   Section        0  delay.o(i.delay_us)
    i.main                                   0x08006154   Section        0  main.o(i.main)
    i.receive_ADC                            0x080061c0   Section        0  main.o(i.receive_ADC)
    i.scan                                   0x08006274   Section        0  main.o(i.scan)
    locale$$code                             0x08006294   Section       44  lc_numeric_c.o(locale$$code)
    x$fpl$d2f                                0x080062c0   Section       98  d2f.o(x$fpl$d2f)
    x$fpl$dadd                               0x08006324   Section      336  daddsub_clz.o(x$fpl$dadd)
    _dadd1                                   0x08006335   Thumb Code     0  daddsub_clz.o(x$fpl$dadd)
    x$fpl$ddiv                               0x08006474   Section      688  ddiv.o(x$fpl$ddiv)
    ddiv_entry                               0x0800647b   Thumb Code     0  ddiv.o(x$fpl$ddiv)
    x$fpl$dfixu                              0x08006724   Section       90  dfixu.o(x$fpl$dfixu)
    x$fpl$dfltu                              0x0800677e   Section       38  dflt_clz.o(x$fpl$dfltu)
    x$fpl$dmul                               0x080067a4   Section      340  dmul.o(x$fpl$dmul)
    x$fpl$dnaninf                            0x080068f8   Section      156  dnaninf.o(x$fpl$dnaninf)
    x$fpl$dretinf                            0x08006994   Section       12  dretinf.o(x$fpl$dretinf)
    x$fpl$drsb                               0x080069a0   Section       22  daddsub_clz.o(x$fpl$drsb)
    x$fpl$dsub                               0x080069b8   Section      468  daddsub_clz.o(x$fpl$dsub)
    _dsub1                                   0x080069c9   Thumb Code     0  daddsub_clz.o(x$fpl$dsub)
    x$fpl$f2d                                0x08006b8c   Section       86  f2d.o(x$fpl$f2d)
    x$fpl$fflt                               0x08006be4   Section       48  fflt_clz.o(x$fpl$fflt)
    x$fpl$fnaninf                            0x08006c14   Section      140  fnaninf.o(x$fpl$fnaninf)
    x$fpl$fretinf                            0x08006ca0   Section       10  fretinf.o(x$fpl$fretinf)
    x$fpl$printf1                            0x08006caa   Section        4  printf1.o(x$fpl$printf1)
    .constdata                               0x08006cae   Section       18  stm32f1xx_hal_rcc.o(.constdata)
    x$fpl$usenofp                            0x08006cae   Section        0  usenofp.o(x$fpl$usenofp)
    aPredivFactorTable                       0x08006cae   Data           2  stm32f1xx_hal_rcc.o(.constdata)
    aPLLMULFactorTable                       0x08006cb0   Data          16  stm32f1xx_hal_rcc.o(.constdata)
    .constdata                               0x08006cc0   Section       18  stm32f1xx_hal_rcc_ex.o(.constdata)
    aPredivFactorTable                       0x08006cc0   Data           2  stm32f1xx_hal_rcc_ex.o(.constdata)
    aPLLMULFactorTable                       0x08006cc2   Data          16  stm32f1xx_hal_rcc_ex.o(.constdata)
    .constdata                               0x08006cd2   Section       16  system_stm32f1xx.o(.constdata)
    .constdata                               0x08006ce2   Section        8  system_stm32f1xx.o(.constdata)
    .constdata                               0x08006cea   Section     6080  lcd.o(.constdata)
    .constdata                               0x080084ac   Section      148  bigflt0.o(.constdata)
    tenpwrs_x                                0x080084ac   Data          60  bigflt0.o(.constdata)
    tenpwrs_i                                0x080084e8   Data          64  bigflt0.o(.constdata)
    locale$$data                             0x08008560   Section       28  lc_numeric_c.o(locale$$data)
    __lcnum_c_name                           0x08008564   Data           2  lc_numeric_c.o(locale$$data)
    __lcnum_c_start                          0x0800856c   Data           0  lc_numeric_c.o(locale$$data)
    __lcnum_c_point                          0x08008578   Data           0  lc_numeric_c.o(locale$$data)
    __lcnum_c_thousands                      0x0800857a   Data           0  lc_numeric_c.o(locale$$data)
    __lcnum_c_grouping                       0x0800857b   Data           0  lc_numeric_c.o(locale$$data)
    __lcnum_c_end                            0x0800857c   Data           0  lc_numeric_c.o(locale$$data)
    .data                                    0x20000000   Section      116  main.o(.data)
    .data                                    0x20000074   Section       12  stm32f1xx_hal.o(.data)
    .data                                    0x20000080   Section        4  system_stm32f1xx.o(.data)
    .data                                    0x20000084   Section        4  delay.o(.data)
    fac_us                                   0x20000084   Data           4  delay.o(.data)
    .data                                    0x20000088   Section        8  lcd.o(.data)
    .data                                    0x20000090   Section        1  key.o(.data)
    key_up                                   0x20000090   Data           1  key.o(.data)
    .bss                                     0x20000094   Section      462  main.o(.bss)
    .bss                                     0x20000264   Section       48  adc.o(.bss)
    .bss                                     0x20000294   Section       72  fsmc.o(.bss)
    .bss                                     0x200002dc   Section      144  usart.o(.bss)
    .bss                                     0x2000036c   Section       86  lcd.o(.bss)
    .bss                                     0x200003c4   Section       96  libspace.o(.bss)
    HEAP                                     0x20000428   Section      512  startup_stm32f103xe.o(HEAP)
    Heap_Mem                                 0x20000428   Data         512  startup_stm32f103xe.o(HEAP)
    STACK                                    0x20000628   Section     1024  startup_stm32f103xe.o(STACK)
    Stack_Mem                                0x20000628   Data        1024  startup_stm32f103xe.o(STACK)
    __initial_sp                             0x20000a28   Data           0  startup_stm32f103xe.o(STACK)

    Global Symbols

    Symbol Name                              Value     Ov Type        Size  Object(Section)

    BuildAttributes$$THM_ISAv4$P$D$K$B$S$PE$A:L22UL41UL21$X:L11$S22US41US21$IEEE1$IW$USESV6$~STKCKD$USESV7$~SHL$OTIME$ROPI$IEEEJ$EBA8$UX$STANDARDLIB$REQ8$PRES8$EABIv2 0x00000000   Number         0  anon$$obj.o ABSOLUTE
    __ARM_use_no_argv                        0x00000000   Number         0  main.o ABSOLUTE
    _printf_flags                            0x00000000   Number         0  printf_stubs.o ABSOLUTE
    _printf_return_value                     0x00000000   Number         0  printf_stubs.o ABSOLUTE
    _printf_sizespec                         0x00000000   Number         0  printf_stubs.o ABSOLUTE
    _printf_widthprec                        0x00000000   Number         0  printf_stubs.o ABSOLUTE
    __ARM_exceptions_init                     - Undefined Weak Reference
    __alloca_initialize                       - Undefined Weak Reference
    __arm_fini_                               - Undefined Weak Reference
    __arm_preinit_                            - Undefined Weak Reference
    __cpp_initialize__aeabi_                  - Undefined Weak Reference
    __cxa_finalize                            - Undefined Weak Reference
    __sigvec_lookup                           - Undefined Weak Reference
    _atexit_init                              - Undefined Weak Reference
    _call_atexit_fns                          - Undefined Weak Reference
    _clock_init                               - Undefined Weak Reference
    _fp_trap_init                             - Undefined Weak Reference
    _fp_trap_shutdown                         - Undefined Weak Reference
    _get_lc_collate                           - Undefined Weak Reference
    _get_lc_ctype                             - Undefined Weak Reference
    _get_lc_monetary                          - Undefined Weak Reference
    _get_lc_time                              - Undefined Weak Reference
    _getenv_init                              - Undefined Weak Reference
    _handle_redirection                       - Undefined Weak Reference
    _init_alloc                               - Undefined Weak Reference
    _init_user_alloc                          - Undefined Weak Reference
    _initio                                   - Undefined Weak Reference
    _printf_post_padding                      - Undefined Weak Reference
    _printf_pre_padding                       - Undefined Weak Reference
    _printf_truncate_signed                   - Undefined Weak Reference
    _printf_truncate_unsigned                 - Undefined Weak Reference
    _rand_init                                - Undefined Weak Reference
    _signal_finish                            - Undefined Weak Reference
    _signal_init                              - Undefined Weak Reference
    _terminate_alloc                          - Undefined Weak Reference
    _terminate_user_alloc                     - Undefined Weak Reference
    _terminateio                              - Undefined Weak Reference
    __Vectors_Size                           0x00000130   Number         0  startup_stm32f103xe.o ABSOLUTE
    __Vectors                                0x08000000   Data           4  startup_stm32f103xe.o(RESET)
    __Vectors_End                            0x08000130   Data           0  startup_stm32f103xe.o(RESET)
    __main                                   0x08000131   Thumb Code     8  __main.o(!!!main)
    __scatterload                            0x08000139   Thumb Code     0  __scatter.o(!!!scatter)
    __scatterload_rt2                        0x08000139   Thumb Code    44  __scatter.o(!!!scatter)
    __scatterload_rt2_thumb_only             0x08000139   Thumb Code     0  __scatter.o(!!!scatter)
    __scatterload_null                       0x08000147   Thumb Code     0  __scatter.o(!!!scatter)
    __scatterload_copy                       0x0800016d   Thumb Code    26  __scatter_copy.o(!!handler_copy)
    __scatterload_zeroinit                   0x08000189   Thumb Code    28  __scatter_zi.o(!!handler_zi)
    _printf_f                                0x080001a5   Thumb Code     0  _printf_f.o(.ARM.Collect$$_printf_percent$$00000003)
    _printf_percent                          0x080001a5   Thumb Code     0  _printf_percent.o(.ARM.Collect$$_printf_percent$$00000000)
    _printf_d                                0x080001ab   Thumb Code     0  _printf_d.o(.ARM.Collect$$_printf_percent$$00000009)
    _printf_percent_end                      0x080001b1   Thumb Code     0  _printf_percent_end.o(.ARM.Collect$$_printf_percent$$00000017)
    __rt_lib_init                            0x080001b5   Thumb Code     0  libinit.o(.ARM.Collect$$libinit$$00000000)
    __rt_lib_init_fp_1                       0x080001b7   Thumb Code     0  libinit2.o(.ARM.Collect$$libinit$$00000002)
    __rt_lib_init_heap_1                     0x080001b7   Thumb Code     0  libinit2.o(.ARM.Collect$$libinit$$0000000A)
    __rt_lib_init_lc_common                  0x080001b7   Thumb Code     0  libinit2.o(.ARM.Collect$$libinit$$0000000F)
    __rt_lib_init_preinit_1                  0x080001b7   Thumb Code     0  libinit2.o(.ARM.Collect$$libinit$$00000004)
    __rt_lib_init_rand_1                     0x080001b7   Thumb Code     0  libinit2.o(.ARM.Collect$$libinit$$0000000E)
    __rt_lib_init_user_alloc_1               0x080001b7   Thumb Code     0  libinit2.o(.ARM.Collect$$libinit$$0000000C)
    __rt_lib_init_lc_collate_1               0x080001bd   Thumb Code     0  libinit2.o(.ARM.Collect$$libinit$$00000011)
    __rt_lib_init_lc_ctype_1                 0x080001bd   Thumb Code     0  libinit2.o(.ARM.Collect$$libinit$$00000013)
    __rt_lib_init_lc_monetary_1              0x080001bd   Thumb Code     0  libinit2.o(.ARM.Collect$$libinit$$00000015)
    __rt_lib_init_lc_numeric_2               0x080001bd   Thumb Code     0  libinit2.o(.ARM.Collect$$libinit$$00000016)
    __rt_lib_init_alloca_1                   0x080001c7   Thumb Code     0  libinit2.o(.ARM.Collect$$libinit$$0000002E)
    __rt_lib_init_argv_1                     0x080001c7   Thumb Code     0  libinit2.o(.ARM.Collect$$libinit$$0000002C)
    __rt_lib_init_atexit_1                   0x080001c7   Thumb Code     0  libinit2.o(.ARM.Collect$$libinit$$0000001B)
    __rt_lib_init_clock_1                    0x080001c7   Thumb Code     0  libinit2.o(.ARM.Collect$$libinit$$00000021)
    __rt_lib_init_cpp_1                      0x080001c7   Thumb Code     0  libinit2.o(.ARM.Collect$$libinit$$00000032)
    __rt_lib_init_exceptions_1               0x080001c7   Thumb Code     0  libinit2.o(.ARM.Collect$$libinit$$00000030)
    __rt_lib_init_fp_trap_1                  0x080001c7   Thumb Code     0  libinit2.o(.ARM.Collect$$libinit$$0000001F)
    __rt_lib_init_getenv_1                   0x080001c7   Thumb Code     0  libinit2.o(.ARM.Collect$$libinit$$00000023)
    __rt_lib_init_lc_numeric_1               0x080001c7   Thumb Code     0  libinit2.o(.ARM.Collect$$libinit$$00000017)
    __rt_lib_init_lc_time_1                  0x080001c7   Thumb Code     0  libinit2.o(.ARM.Collect$$libinit$$00000019)
    __rt_lib_init_return                     0x080001c7   Thumb Code     0  libinit2.o(.ARM.Collect$$libinit$$00000033)
    __rt_lib_init_signal_1                   0x080001c7   Thumb Code     0  libinit2.o(.ARM.Collect$$libinit$$0000001D)
    __rt_lib_init_stdio_1                    0x080001c7   Thumb Code     0  libinit2.o(.ARM.Collect$$libinit$$00000025)
    __rt_lib_shutdown                        0x080001c9   Thumb Code     0  libshutdown.o(.ARM.Collect$$libshutdown$$00000000)
    __rt_lib_shutdown_cpp_1                  0x080001cb   Thumb Code     0  libshutdown2.o(.ARM.Collect$$libshutdown$$00000004)
    __rt_lib_shutdown_fini_1                 0x080001cb   Thumb Code     0  libshutdown2.o(.ARM.Collect$$libshutdown$$00000002)
    __rt_lib_shutdown_fp_trap_1              0x080001cb   Thumb Code     0  libshutdown2.o(.ARM.Collect$$libshutdown$$00000009)
    __rt_lib_shutdown_heap_1                 0x080001cb   Thumb Code     0  libshutdown2.o(.ARM.Collect$$libshutdown$$00000011)
    __rt_lib_shutdown_return                 0x080001cb   Thumb Code     0  libshutdown2.o(.ARM.Collect$$libshutdown$$00000012)
    __rt_lib_shutdown_signal_1               0x080001cb   Thumb Code     0  libshutdown2.o(.ARM.Collect$$libshutdown$$0000000C)
    __rt_lib_shutdown_stdio_1                0x080001cb   Thumb Code     0  libshutdown2.o(.ARM.Collect$$libshutdown$$00000006)
    __rt_lib_shutdown_user_alloc_1           0x080001cb   Thumb Code     0  libshutdown2.o(.ARM.Collect$$libshutdown$$0000000E)
    __rt_entry                               0x080001cd   Thumb Code     0  __rtentry.o(.ARM.Collect$$rtentry$$00000000)
    __rt_entry_presh_1                       0x080001cd   Thumb Code     0  __rtentry2.o(.ARM.Collect$$rtentry$$00000002)
    __rt_entry_sh                            0x080001cd   Thumb Code     0  __rtentry4.o(.ARM.Collect$$rtentry$$00000004)
    __rt_entry_li                            0x080001d3   Thumb Code     0  __rtentry2.o(.ARM.Collect$$rtentry$$0000000A)
    __rt_entry_postsh_1                      0x080001d3   Thumb Code     0  __rtentry2.o(.ARM.Collect$$rtentry$$00000009)
    __rt_entry_main                          0x080001d7   Thumb Code     0  __rtentry2.o(.ARM.Collect$$rtentry$$0000000D)
    __rt_entry_postli_1                      0x080001d7   Thumb Code     0  __rtentry2.o(.ARM.Collect$$rtentry$$0000000C)
    __rt_exit                                0x080001df   Thumb Code     0  rtexit.o(.ARM.Collect$$rtexit$$00000000)
    __rt_exit_ls                             0x080001e1   Thumb Code     0  rtexit2.o(.ARM.Collect$$rtexit$$00000003)
    __rt_exit_prels_1                        0x080001e1   Thumb Code     0  rtexit2.o(.ARM.Collect$$rtexit$$00000002)
    __rt_exit_exit                           0x080001e5   Thumb Code     0  rtexit2.o(.ARM.Collect$$rtexit$$00000004)
    Reset_Handler                            0x080001ed   Thumb Code     8  startup_stm32f103xe.o(.text)
    ADC1_2_IRQHandler                        0x08000207   Thumb Code     0  startup_stm32f103xe.o(.text)
    ADC3_IRQHandler                          0x08000207   Thumb Code     0  startup_stm32f103xe.o(.text)
    CAN1_RX1_IRQHandler                      0x08000207   Thumb Code     0  startup_stm32f103xe.o(.text)
    CAN1_SCE_IRQHandler                      0x08000207   Thumb Code     0  startup_stm32f103xe.o(.text)
    DMA1_Channel1_IRQHandler                 0x08000207   Thumb Code     0  startup_stm32f103xe.o(.text)
    DMA1_Channel2_IRQHandler                 0x08000207   Thumb Code     0  startup_stm32f103xe.o(.text)
    DMA1_Channel3_IRQHandler                 0x08000207   Thumb Code     0  startup_stm32f103xe.o(.text)
    DMA1_Channel4_IRQHandler                 0x08000207   Thumb Code     0  startup_stm32f103xe.o(.text)
    DMA1_Channel5_IRQHandler                 0x08000207   Thumb Code     0  startup_stm32f103xe.o(.text)
    DMA1_Channel6_IRQHandler                 0x08000207   Thumb Code     0  startup_stm32f103xe.o(.text)
    DMA1_Channel7_IRQHandler                 0x08000207   Thumb Code     0  startup_stm32f103xe.o(.text)
    DMA2_Channel1_IRQHandler                 0x08000207   Thumb Code     0  startup_stm32f103xe.o(.text)
    DMA2_Channel2_IRQHandler                 0x08000207   Thumb Code     0  startup_stm32f103xe.o(.text)
    DMA2_Channel3_IRQHandler                 0x08000207   Thumb Code     0  startup_stm32f103xe.o(.text)
    DMA2_Channel4_5_IRQHandler               0x08000207   Thumb Code     0  startup_stm32f103xe.o(.text)
    EXTI0_IRQHandler                         0x08000207   Thumb Code     0  startup_stm32f103xe.o(.text)
    EXTI15_10_IRQHandler                     0x08000207   Thumb Code     0  startup_stm32f103xe.o(.text)
    EXTI1_IRQHandler                         0x08000207   Thumb Code     0  startup_stm32f103xe.o(.text)
    EXTI2_IRQHandler                         0x08000207   Thumb Code     0  startup_stm32f103xe.o(.text)
    EXTI3_IRQHandler                         0x08000207   Thumb Code     0  startup_stm32f103xe.o(.text)
    EXTI4_IRQHandler                         0x08000207   Thumb Code     0  startup_stm32f103xe.o(.text)
    EXTI9_5_IRQHandler                       0x08000207   Thumb Code     0  startup_stm32f103xe.o(.text)
    FLASH_IRQHandler                         0x08000207   Thumb Code     0  startup_stm32f103xe.o(.text)
    FSMC_IRQHandler                          0x08000207   Thumb Code     0  startup_stm32f103xe.o(.text)
    I2C1_ER_IRQHandler                       0x08000207   Thumb Code     0  startup_stm32f103xe.o(.text)
    I2C1_EV_IRQHandler                       0x08000207   Thumb Code     0  startup_stm32f103xe.o(.text)
    I2C2_ER_IRQHandler                       0x08000207   Thumb Code     0  startup_stm32f103xe.o(.text)
    I2C2_EV_IRQHandler                       0x08000207   Thumb Code     0  startup_stm32f103xe.o(.text)
    PVD_IRQHandler                           0x08000207   Thumb Code     0  startup_stm32f103xe.o(.text)
    RCC_IRQHandler                           0x08000207   Thumb Code     0  startup_stm32f103xe.o(.text)
    RTC_Alarm_IRQHandler                     0x08000207   Thumb Code     0  startup_stm32f103xe.o(.text)
    RTC_IRQHandler                           0x08000207   Thumb Code     0  startup_stm32f103xe.o(.text)
    SDIO_IRQHandler                          0x08000207   Thumb Code     0  startup_stm32f103xe.o(.text)
    SPI1_IRQHandler                          0x08000207   Thumb Code     0  startup_stm32f103xe.o(.text)
    SPI2_IRQHandler                          0x08000207   Thumb Code     0  startup_stm32f103xe.o(.text)
    SPI3_IRQHandler                          0x08000207   Thumb Code     0  startup_stm32f103xe.o(.text)
    TAMPER_IRQHandler                        0x08000207   Thumb Code     0  startup_stm32f103xe.o(.text)
    TIM1_BRK_IRQHandler                      0x08000207   Thumb Code     0  startup_stm32f103xe.o(.text)
    TIM1_CC_IRQHandler                       0x08000207   Thumb Code     0  startup_stm32f103xe.o(.text)
    TIM1_TRG_COM_IRQHandler                  0x08000207   Thumb Code     0  startup_stm32f103xe.o(.text)
    TIM1_UP_IRQHandler                       0x08000207   Thumb Code     0  startup_stm32f103xe.o(.text)
    TIM2_IRQHandler                          0x08000207   Thumb Code     0  startup_stm32f103xe.o(.text)
    TIM3_IRQHandler                          0x08000207   Thumb Code     0  startup_stm32f103xe.o(.text)
    TIM4_IRQHandler                          0x08000207   Thumb Code     0  startup_stm32f103xe.o(.text)
    TIM5_IRQHandler                          0x08000207   Thumb Code     0  startup_stm32f103xe.o(.text)
    TIM6_IRQHandler                          0x08000207   Thumb Code     0  startup_stm32f103xe.o(.text)
    TIM7_IRQHandler                          0x08000207   Thumb Code     0  startup_stm32f103xe.o(.text)
    TIM8_BRK_IRQHandler                      0x08000207   Thumb Code     0  startup_stm32f103xe.o(.text)
    TIM8_CC_IRQHandler                       0x08000207   Thumb Code     0  startup_stm32f103xe.o(.text)
    TIM8_TRG_COM_IRQHandler                  0x08000207   Thumb Code     0  startup_stm32f103xe.o(.text)
    TIM8_UP_IRQHandler                       0x08000207   Thumb Code     0  startup_stm32f103xe.o(.text)
    UART4_IRQHandler                         0x08000207   Thumb Code     0  startup_stm32f103xe.o(.text)
    UART5_IRQHandler                         0x08000207   Thumb Code     0  startup_stm32f103xe.o(.text)
    USART2_IRQHandler                        0x08000207   Thumb Code     0  startup_stm32f103xe.o(.text)
    USBWakeUp_IRQHandler                     0x08000207   Thumb Code     0  startup_stm32f103xe.o(.text)
    USB_HP_CAN1_TX_IRQHandler                0x08000207   Thumb Code     0  startup_stm32f103xe.o(.text)
    USB_LP_CAN1_RX0_IRQHandler               0x08000207   Thumb Code     0  startup_stm32f103xe.o(.text)
    WWDG_IRQHandler                          0x08000207   Thumb Code     0  startup_stm32f103xe.o(.text)
    __user_initial_stackheap                 0x08000209   Thumb Code     0  startup_stm32f103xe.o(.text)
    __2sprintf                               0x0800022d   Thumb Code    34  noretval__2sprintf.o(.text)
    _printf_int_dec                          0x08000255   Thumb Code   104  _printf_dec.o(.text)
    __printf                                 0x080002cd   Thumb Code   352  __printf_ss_wp.o(.text)
    strlen                                   0x0800042d   Thumb Code    62  strlen.o(.text)
    strcat                                   0x0800046b   Thumb Code    24  strcat.o(.text)
    __aeabi_memcpy                           0x08000483   Thumb Code     0  rt_memcpy_v6.o(.text)
    __rt_memcpy                              0x08000483   Thumb Code   138  rt_memcpy_v6.o(.text)
    _memcpy_lastbytes                        0x080004e9   Thumb Code     0  rt_memcpy_v6.o(.text)
    __aeabi_memclr4                          0x0800050d   Thumb Code     0  rt_memclr_w.o(.text)
    __aeabi_memclr8                          0x0800050d   Thumb Code     0  rt_memclr_w.o(.text)
    __rt_memclr_w                            0x0800050d   Thumb Code    78  rt_memclr_w.o(.text)
    _memset_w                                0x08000511   Thumb Code     0  rt_memclr_w.o(.text)
    __use_two_region_memory                  0x0800055b   Thumb Code     2  heapauxi.o(.text)
    __rt_heap_escrow$2region                 0x0800055d   Thumb Code     2  heapauxi.o(.text)
    __rt_heap_expand$2region                 0x0800055f   Thumb Code     2  heapauxi.o(.text)
    _printf_int_common                       0x08000561   Thumb Code   178  _printf_intcommon.o(.text)
    __lib_sel_fp_printf                      0x08000613   Thumb Code     2  _printf_fp_dec.o(.text)
    _printf_fp_dec_real                      0x080007c5   Thumb Code   620  _printf_fp_dec.o(.text)
    _printf_char_common                      0x08000a3b   Thumb Code    32  _printf_char_common.o(.text)
    _sputc                                   0x08000a61   Thumb Code    10  _sputc.o(.text)
    __aeabi_memcpy4                          0x08000a6b   Thumb Code     0  rt_memcpy_w.o(.text)
    __aeabi_memcpy8                          0x08000a6b   Thumb Code     0  rt_memcpy_w.o(.text)
    __rt_memcpy_w                            0x08000a6b   Thumb Code   100  rt_memcpy_w.o(.text)
    _memcpy_lastbytes_aligned                0x08000ab3   Thumb Code     0  rt_memcpy_w.o(.text)
    __rt_locale                              0x08000ad1   Thumb Code     8  rt_locale_intlibspace.o(.text)
    _ll_udiv10                               0x08000ad9   Thumb Code   138  lludiv10.o(.text)
    _printf_fp_infnan                        0x08000b65   Thumb Code   112  _printf_fp_infnan.o(.text)
    _btod_etento                             0x08000be5   Thumb Code   224  bigflt0.o(.text)
    __user_libspace                          0x08000cc9   Thumb Code     8  libspace.o(.text)
    __user_perproc_libspace                  0x08000cc9   Thumb Code     0  libspace.o(.text)
    __user_perthread_libspace                0x08000cc9   Thumb Code     0  libspace.o(.text)
    __user_setup_stackheap                   0x08000cd1   Thumb Code    74  sys_stackheap_outer.o(.text)
    exit                                     0x08000d1b   Thumb Code    18  exit.o(.text)
    strcmp                                   0x08000d2d   Thumb Code   128  strcmpv7m.o(.text)
    _sys_exit                                0x08000dad   Thumb Code     8  sys_exit.o(.text)
    __I$use$semihosting                      0x08000db9   Thumb Code     0  use_no_semi.o(.text)
    __use_no_semihosting_swi                 0x08000db9   Thumb Code     2  use_no_semi.o(.text)
    __semihosting_library_function           0x08000dbb   Thumb Code     0  indicate_semi.o(.text)
    _btod_d2e                                0x08000dbb   Thumb Code    62  btod.o(CL$$btod_d2e)
    _d2e_denorm_low                          0x08000df9   Thumb Code    70  btod.o(CL$$btod_d2e_denorm_low)
    _d2e_norm_op1                            0x08000e3f   Thumb Code    96  btod.o(CL$$btod_d2e_norm_op1)
    __btod_div_common                        0x08000e9f   Thumb Code   696  btod.o(CL$$btod_div_common)
    _e2e                                     0x080011d7   Thumb Code   220  btod.o(CL$$btod_e2e)
    _btod_ediv                               0x080012b3   Thumb Code    42  btod.o(CL$$btod_ediv)
    _btod_emul                               0x080012dd   Thumb Code    42  btod.o(CL$$btod_emul)
    __btod_mult_common                       0x08001307   Thumb Code   580  btod.o(CL$$btod_mult_common)
    ADC_ConversionStop_Disable               0x0800154d   Thumb Code    86  stm32f1xx_hal_adc.o(i.ADC_ConversionStop_Disable)
    ADC_Enable                               0x080015a5   Thumb Code   114  stm32f1xx_hal_adc.o(i.ADC_Enable)
    BusFault_Handler                         0x08001621   Thumb Code     2  stm32f1xx_it.o(i.BusFault_Handler)
    DebugMon_Handler                         0x08001623   Thumb Code     2  stm32f1xx_it.o(i.DebugMon_Handler)
    Error_Handler                            0x08001625   Thumb Code     4  main.o(i.Error_Handler)
    FSMC_NORSRAM_Extended_Timing_Init        0x08001629   Thumb Code    56  stm32f1xx_ll_fsmc.o(i.FSMC_NORSRAM_Extended_Timing_Init)
    FSMC_NORSRAM_Init                        0x08001665   Thumb Code    98  stm32f1xx_ll_fsmc.o(i.FSMC_NORSRAM_Init)
    FSMC_NORSRAM_Timing_Init                 0x080016cd   Thumb Code    64  stm32f1xx_ll_fsmc.o(i.FSMC_NORSRAM_Timing_Init)
    HAL_ADCEx_Calibration_Start              0x08001711   Thumb Code   210  stm32f1xx_hal_adc_ex.o(i.HAL_ADCEx_Calibration_Start)
    HAL_ADC_ConfigChannel                    0x080017e9   Thumb Code   240  stm32f1xx_hal_adc.o(i.HAL_ADC_ConfigChannel)
    HAL_ADC_GetValue                         0x080018e5   Thumb Code     6  stm32f1xx_hal_adc.o(i.HAL_ADC_GetValue)
    HAL_ADC_Init                             0x080018ed   Thumb Code   272  stm32f1xx_hal_adc.o(i.HAL_ADC_Init)
    HAL_ADC_MspInit                          0x08001a0d   Thumb Code    76  adc.o(i.HAL_ADC_MspInit)
    HAL_ADC_PollForConversion                0x08001a65   Thumb Code   304  stm32f1xx_hal_adc.o(i.HAL_ADC_PollForConversion)
    HAL_ADC_Start                            0x08001ba1   Thumb Code   184  stm32f1xx_hal_adc.o(i.HAL_ADC_Start)
    HAL_ADC_Stop                             0x08001c61   Thumb Code    52  stm32f1xx_hal_adc.o(i.HAL_ADC_Stop)
    HAL_DMA_Abort                            0x08001c95   Thumb Code    70  stm32f1xx_hal_dma.o(i.HAL_DMA_Abort)
    HAL_DMA_Abort_IT                         0x08001cdd   Thumb Code   296  stm32f1xx_hal_dma.o(i.HAL_DMA_Abort_IT)
    HAL_GPIO_Init                            0x08001e0d   Thumb Code   462  stm32f1xx_hal_gpio.o(i.HAL_GPIO_Init)
    HAL_GPIO_ReadPin                         0x08002005   Thumb Code    10  stm32f1xx_hal_gpio.o(i.HAL_GPIO_ReadPin)
    HAL_GPIO_WritePin                        0x0800200f   Thumb Code    10  stm32f1xx_hal_gpio.o(i.HAL_GPIO_WritePin)
    HAL_GetTick                              0x08002019   Thumb Code     6  stm32f1xx_hal.o(i.HAL_GetTick)
    HAL_IncTick                              0x08002025   Thumb Code    12  stm32f1xx_hal.o(i.HAL_IncTick)
    HAL_Init                                 0x08002035   Thumb Code    32  stm32f1xx_hal.o(i.HAL_Init)
    HAL_InitTick                             0x08002059   Thumb Code    54  stm32f1xx_hal.o(i.HAL_InitTick)
    HAL_MspInit                              0x08002099   Thumb Code    52  stm32f1xx_hal_msp.o(i.HAL_MspInit)
    HAL_NVIC_EnableIRQ                       0x080020d5   Thumb Code    26  stm32f1xx_hal_cortex.o(i.HAL_NVIC_EnableIRQ)
    HAL_NVIC_SetPriority                     0x080020f1   Thumb Code    60  stm32f1xx_hal_cortex.o(i.HAL_NVIC_SetPriority)
    HAL_NVIC_SetPriorityGrouping             0x08002131   Thumb Code    26  stm32f1xx_hal_cortex.o(i.HAL_NVIC_SetPriorityGrouping)
    HAL_RCCEx_GetPeriphCLKFreq               0x08002155   Thumb Code   166  stm32f1xx_hal_rcc_ex.o(i.HAL_RCCEx_GetPeriphCLKFreq)
    HAL_RCCEx_PeriphCLKConfig                0x0800220d   Thumb Code   224  stm32f1xx_hal_rcc_ex.o(i.HAL_RCCEx_PeriphCLKConfig)
    HAL_RCC_ClockConfig                      0x080022f9   Thumb Code   280  stm32f1xx_hal_rcc.o(i.HAL_RCC_ClockConfig)
    HAL_RCC_GetPCLK1Freq                     0x08002425   Thumb Code    20  stm32f1xx_hal_rcc.o(i.HAL_RCC_GetPCLK1Freq)
    HAL_RCC_GetPCLK2Freq                     0x08002445   Thumb Code    20  stm32f1xx_hal_rcc.o(i.HAL_RCC_GetPCLK2Freq)
    HAL_RCC_GetSysClockFreq                  0x08002465   Thumb Code    58  stm32f1xx_hal_rcc.o(i.HAL_RCC_GetSysClockFreq)
    HAL_RCC_OscConfig                        0x080024b1   Thumb Code   778  stm32f1xx_hal_rcc.o(i.HAL_RCC_OscConfig)
    HAL_SRAM_Init                            0x080027d1   Thumb Code   100  stm32f1xx_hal_sram.o(i.HAL_SRAM_Init)
    HAL_SRAM_MspInit                         0x08002835   Thumb Code   128  lcd.o(i.HAL_SRAM_MspInit)
    HAL_SYSTICK_CLKSourceConfig              0x080028c5   Thumb Code    24  stm32f1xx_hal_cortex.o(i.HAL_SYSTICK_CLKSourceConfig)
    HAL_SYSTICK_Config                       0x080028dd   Thumb Code    40  stm32f1xx_hal_cortex.o(i.HAL_SYSTICK_Config)
    HAL_UARTEx_RxEventCallback               0x08002905   Thumb Code     2  stm32f1xx_hal_uart.o(i.HAL_UARTEx_RxEventCallback)
    HAL_UART_ErrorCallback                   0x08002907   Thumb Code     2  stm32f1xx_hal_uart.o(i.HAL_UART_ErrorCallback)
    HAL_UART_IRQHandler                      0x08002909   Thumb Code   616  stm32f1xx_hal_uart.o(i.HAL_UART_IRQHandler)
    HAL_UART_Init                            0x08002b75   Thumb Code   100  stm32f1xx_hal_uart.o(i.HAL_UART_Init)
    HAL_UART_MspInit                         0x08002bd9   Thumb Code   198  usart.o(i.HAL_UART_MspInit)
    HAL_UART_Receive                         0x08002cb5   Thumb Code   172  stm32f1xx_hal_uart.o(i.HAL_UART_Receive)
    HAL_UART_RxCpltCallback                  0x08002d61   Thumb Code     2  stm32f1xx_hal_uart.o(i.HAL_UART_RxCpltCallback)
    HAL_UART_Transmit_IT                     0x08002d63   Thumb Code    50  stm32f1xx_hal_uart.o(i.HAL_UART_Transmit_IT)
    HAL_UART_TxCpltCallback                  0x08002d95   Thumb Code     2  stm32f1xx_hal_uart.o(i.HAL_UART_TxCpltCallback)
    HardFault_Handler                        0x08002d97   Thumb Code     2  stm32f1xx_it.o(i.HardFault_Handler)
    KEY_Init                                 0x08002d99   Thumb Code    84  key.o(i.KEY_Init)
    KEY_Scan                                 0x08002df9   Thumb Code   156  key.o(i.KEY_Scan)
    Key_                                     0x08002ea1   Thumb Code    44  main.o(i.Key_)
    LCD_Clear                                0x08002ed1   Thumb Code    40  lcd.o(i.LCD_Clear)
    LCD_Display_Dir                          0x08002f01   Thumb Code   180  lcd.o(i.LCD_Display_Dir)
    LCD_Fast_DrawPoint                       0x08002fb9   Thumb Code   200  lcd.o(i.LCD_Fast_DrawPoint)
    LCD_Init                                 0x08003089   Thumb Code  9532  lcd.o(i.LCD_Init)
    LCD_RD_DATA                              0x080055c9   Thumb Code    16  lcd.o(i.LCD_RD_DATA)
    LCD_SSD_BackLightSet                     0x080055dd   Thumb Code    70  lcd.o(i.LCD_SSD_BackLightSet)
    LCD_Scan_Dir                             0x08005629   Thumb Code   380  lcd.o(i.LCD_Scan_Dir)
    LCD_SetCursor                            0x080057a9   Thumb Code   238  lcd.o(i.LCD_SetCursor)
    LCD_ShowChar                             0x0800589d   Thumb Code   192  lcd.o(i.LCD_ShowChar)
    LCD_ShowString                           0x08005971   Thumb Code    84  lcd.o(i.LCD_ShowString)
    LCD_WR_DATA                              0x080059c5   Thumb Code    20  lcd.o(i.LCD_WR_DATA)
    LCD_WR_REG                               0x080059dd   Thumb Code    20  lcd.o(i.LCD_WR_REG)
    LCD_WriteRAM_Prepare                     0x080059f5   Thumb Code    10  lcd.o(i.LCD_WriteRAM_Prepare)
    LCD_WriteReg                             0x08005a09   Thumb Code    10  lcd.o(i.LCD_WriteReg)
    LCD_show                                 0x08005a19   Thumb Code   128  main.o(i.LCD_show)
    MX_ADC1_Init                             0x08005ae1   Thumb Code   118  adc.o(i.MX_ADC1_Init)
    MX_FSMC_Init                             0x08005b61   Thumb Code   108  fsmc.o(i.MX_FSMC_Init)
    MX_GPIO_Init                             0x08005bd9   Thumb Code   164  gpio.o(i.MX_GPIO_Init)
    MX_USART1_UART_Init                      0x08005c85   Thumb Code    48  usart.o(i.MX_USART1_UART_Init)
    MX_USART3_UART_Init                      0x08005cbd   Thumb Code    48  usart.o(i.MX_USART3_UART_Init)
    MemManage_Handler                        0x08005cf5   Thumb Code     2  stm32f1xx_it.o(i.MemManage_Handler)
    NMI_Handler                              0x08005cf7   Thumb Code     2  stm32f1xx_it.o(i.NMI_Handler)
    PendSV_Handler                           0x08005cf9   Thumb Code     2  stm32f1xx_it.o(i.PendSV_Handler)
    SVC_Handler                              0x08005cfb   Thumb Code     2  stm32f1xx_it.o(i.SVC_Handler)
    SysTick_Handler                          0x08005cfd   Thumb Code     4  stm32f1xx_it.o(i.SysTick_Handler)
    SystemClock_Config                       0x08005d01   Thumb Code   122  main.o(i.SystemClock_Config)
    SystemInit                               0x08005d7b   Thumb Code     2  system_stm32f1xx.o(i.SystemInit)
    UART_Receive                             0x08005ddd   Thumb Code    60  main.o(i.UART_Receive)
    UART_Send                                0x08005ef1   Thumb Code    64  main.o(i.UART_Send)
    USART1_IRQHandler                        0x08006081   Thumb Code     6  stm32f1xx_it.o(i.USART1_IRQHandler)
    USART3_IRQHandler                        0x0800608d   Thumb Code     6  stm32f1xx_it.o(i.USART3_IRQHandler)
    UsageFault_Handler                       0x08006099   Thumb Code     2  stm32f1xx_it.o(i.UsageFault_Handler)
    __ARM_fpclassify                         0x0800609b   Thumb Code    40  fpclassify.o(i.__ARM_fpclassify)
    _is_digit                                0x080060e3   Thumb Code    14  __printf_wp.o(i._is_digit)
    delay_init                               0x080060f1   Thumb Code    16  delay.o(i.delay_init)
    delay_ms                                 0x08006105   Thumb Code    26  delay.o(i.delay_ms)
    delay_us                                 0x08006121   Thumb Code    48  delay.o(i.delay_us)
    main                                     0x08006155   Thumb Code    96  main.o(i.main)
    receive_ADC                              0x080061c1   Thumb Code   144  main.o(i.receive_ADC)
    scan                                     0x08006275   Thumb Code    22  main.o(i.scan)
    _get_lc_numeric                          0x08006295   Thumb Code    44  lc_numeric_c.o(locale$$code)
    __aeabi_d2f                              0x080062c1   Thumb Code     0  d2f.o(x$fpl$d2f)
    _d2f                                     0x080062c1   Thumb Code    98  d2f.o(x$fpl$d2f)
    __aeabi_dadd                             0x08006325   Thumb Code     0  daddsub_clz.o(x$fpl$dadd)
    _dadd                                    0x08006325   Thumb Code   332  daddsub_clz.o(x$fpl$dadd)
    __aeabi_ddiv                             0x08006475   Thumb Code     0  ddiv.o(x$fpl$ddiv)
    _ddiv                                    0x08006475   Thumb Code   552  ddiv.o(x$fpl$ddiv)
    __aeabi_d2uiz                            0x08006725   Thumb Code     0  dfixu.o(x$fpl$dfixu)
    _dfixu                                   0x08006725   Thumb Code    90  dfixu.o(x$fpl$dfixu)
    __aeabi_ui2d                             0x0800677f   Thumb Code     0  dflt_clz.o(x$fpl$dfltu)
    _dfltu                                   0x0800677f   Thumb Code    38  dflt_clz.o(x$fpl$dfltu)
    __aeabi_dmul                             0x080067a5   Thumb Code     0  dmul.o(x$fpl$dmul)
    _dmul                                    0x080067a5   Thumb Code   332  dmul.o(x$fpl$dmul)
    __fpl_dnaninf                            0x080068f9   Thumb Code   156  dnaninf.o(x$fpl$dnaninf)
    __fpl_dretinf                            0x08006995   Thumb Code    12  dretinf.o(x$fpl$dretinf)
    __aeabi_drsub                            0x080069a1   Thumb Code     0  daddsub_clz.o(x$fpl$drsb)
    _drsb                                    0x080069a1   Thumb Code    22  daddsub_clz.o(x$fpl$drsb)
    __aeabi_dsub                             0x080069b9   Thumb Code     0  daddsub_clz.o(x$fpl$dsub)
    _dsub                                    0x080069b9   Thumb Code   464  daddsub_clz.o(x$fpl$dsub)
    __aeabi_f2d                              0x08006b8d   Thumb Code     0  f2d.o(x$fpl$f2d)
    _f2d                                     0x08006b8d   Thumb Code    86  f2d.o(x$fpl$f2d)
    __aeabi_i2f                              0x08006be5   Thumb Code     0  fflt_clz.o(x$fpl$fflt)
    _fflt                                    0x08006be5   Thumb Code    48  fflt_clz.o(x$fpl$fflt)
    __fpl_fnaninf                            0x08006c15   Thumb Code   140  fnaninf.o(x$fpl$fnaninf)
    __fpl_fretinf                            0x08006ca1   Thumb Code    10  fretinf.o(x$fpl$fretinf)
    _printf_fp_dec                           0x08006cab   Thumb Code     4  printf1.o(x$fpl$printf1)
    __I$use$fp                               0x08006cae   Number         0  usenofp.o(x$fpl$usenofp)
    AHBPrescTable                            0x08006cd2   Data          16  system_stm32f1xx.o(.constdata)
    APBPrescTable                            0x08006ce2   Data           8  system_stm32f1xx.o(.constdata)
    asc2_1206                                0x08006cea   Data        1140  lcd.o(.constdata)
    asc2_1608                                0x0800715e   Data        1520  lcd.o(.constdata)
    asc2_2412                                0x0800774e   Data        3420  lcd.o(.constdata)
    Region$$Table$$Base                      0x08008540   Number         0  anon$$obj.o(Region$$Table)
    Region$$Table$$Limit                     0x08008560   Number         0  anon$$obj.o(Region$$Table)
    key_flag                                 0x20000000   Data           1  main.o(.data)
    temperature                              0x20000004   Data           4  main.o(.data)
    humidity                                 0x20000008   Data           4  main.o(.data)
    light                                    0x2000000c   Data           4  main.o(.data)
    IP                                       0x20000010   Data         100  main.o(.data)
    uwTickFreq                               0x20000074   Data           1  stm32f1xx_hal.o(.data)
    uwTickPrio                               0x20000078   Data           4  stm32f1xx_hal.o(.data)
    uwTick                                   0x2000007c   Data           4  stm32f1xx_hal.o(.data)
    SystemCoreClock                          0x20000080   Data           4  system_stm32f1xx.o(.data)
    POINT_COLOR                              0x20000088   Data           4  lcd.o(.data)
    BACK_COLOR                               0x2000008c   Data           4  lcd.o(.data)
    ADC                                      0x20000094   Data          12  main.o(.bss)
    TXT_temperature                          0x200000a0   Data         100  main.o(.bss)
    TXT_humidity                             0x20000104   Data         100  main.o(.bss)
    TXT_light                                0x20000168   Data         100  main.o(.bss)
    combine                                  0x200001cc   Data         100  main.o(.bss)
    receive                                  0x20000230   Data          50  main.o(.bss)
    hadc1                                    0x20000264   Data          48  adc.o(.bss)
    hsram1                                   0x20000294   Data          72  fsmc.o(.bss)
    huart1                                   0x200002dc   Data          72  usart.o(.bss)
    huart3                                   0x20000324   Data          72  usart.o(.bss)
    TFTSRAM_Handler                          0x2000036c   Data          72  lcd.o(.bss)
    lcddev                                   0x200003b4   Data          14  lcd.o(.bss)
    __libspace_start                         0x200003c4   Data          96  libspace.o(.bss)
    __temporary_stack_top$libspace           0x20000424   Data           0  libspace.o(.bss)



==============================================================================

Memory Map of the image

  Image Entry point : 0x08000131

  Load Region LR_IROM1 (Base: 0x08000000, Size: 0x00008610, Max: 0x00080000, ABSOLUTE)

    Execution Region ER_IROM1 (Exec base: 0x08000000, Load base: 0x08000000, Size: 0x0000857c, Max: 0x00080000, ABSOLUTE)

    Exec Addr    Load Addr    Size         Type   Attr      Idx    E Section Name        Object

    0x08000000   0x08000000   0x00000130   Data   RO          476    RESET               startup_stm32f103xe.o
    0x08000130   0x08000130   0x00000008   Code   RO         2844  * !!!main             c_w.l(__main.o)
    0x08000138   0x08000138   0x00000034   Code   RO         3102    !!!scatter          c_w.l(__scatter.o)
    0x0800016c   0x0800016c   0x0000001a   Code   RO         3104    !!handler_copy      c_w.l(__scatter_copy.o)
    0x08000186   0x08000186   0x00000002   PAD
    0x08000188   0x08000188   0x0000001c   Code   RO         3106    !!handler_zi        c_w.l(__scatter_zi.o)
    0x080001a4   0x080001a4   0x00000000   Code   RO         2833    .ARM.Collect$$_printf_percent$$00000000  c_w.l(_printf_percent.o)
    0x080001a4   0x080001a4   0x00000006   Code   RO         2832    .ARM.Collect$$_printf_percent$$00000003  c_w.l(_printf_f.o)
    0x080001aa   0x080001aa   0x00000006   Code   RO         2831    .ARM.Collect$$_printf_percent$$00000009  c_w.l(_printf_d.o)
    0x080001b0   0x080001b0   0x00000004   Code   RO         2889    .ARM.Collect$$_printf_percent$$00000017  c_w.l(_printf_percent_end.o)
    0x080001b4   0x080001b4   0x00000002   Code   RO         2973    .ARM.Collect$$libinit$$00000000  c_w.l(libinit.o)
    0x080001b6   0x080001b6   0x00000000   Code   RO         2975    .ARM.Collect$$libinit$$00000002  c_w.l(libinit2.o)
    0x080001b6   0x080001b6   0x00000000   Code   RO         2977    .ARM.Collect$$libinit$$00000004  c_w.l(libinit2.o)
    0x080001b6   0x080001b6   0x00000000   Code   RO         2980    .ARM.Collect$$libinit$$0000000A  c_w.l(libinit2.o)
    0x080001b6   0x080001b6   0x00000000   Code   RO         2982    .ARM.Collect$$libinit$$0000000C  c_w.l(libinit2.o)
    0x080001b6   0x080001b6   0x00000000   Code   RO         2984    .ARM.Collect$$libinit$$0000000E  c_w.l(libinit2.o)
    0x080001b6   0x080001b6   0x00000006   Code   RO         2985    .ARM.Collect$$libinit$$0000000F  c_w.l(libinit2.o)
    0x080001bc   0x080001bc   0x00000000   Code   RO         2987    .ARM.Collect$$libinit$$00000011  c_w.l(libinit2.o)
    0x080001bc   0x080001bc   0x00000000   Code   RO         2989    .ARM.Collect$$libinit$$00000013  c_w.l(libinit2.o)
    0x080001bc   0x080001bc   0x00000000   Code   RO         2991    .ARM.Collect$$libinit$$00000015  c_w.l(libinit2.o)
    0x080001bc   0x080001bc   0x0000000a   Code   RO         2992    .ARM.Collect$$libinit$$00000016  c_w.l(libinit2.o)
    0x080001c6   0x080001c6   0x00000000   Code   RO         2993    .ARM.Collect$$libinit$$00000017  c_w.l(libinit2.o)
    0x080001c6   0x080001c6   0x00000000   Code   RO         2995    .ARM.Collect$$libinit$$00000019  c_w.l(libinit2.o)
    0x080001c6   0x080001c6   0x00000000   Code   RO         2997    .ARM.Collect$$libinit$$0000001B  c_w.l(libinit2.o)
    0x080001c6   0x080001c6   0x00000000   Code   RO         2999    .ARM.Collect$$libinit$$0000001D  c_w.l(libinit2.o)
    0x080001c6   0x080001c6   0x00000000   Code   RO         3001    .ARM.Collect$$libinit$$0000001F  c_w.l(libinit2.o)
    0x080001c6   0x080001c6   0x00000000   Code   RO         3003    .ARM.Collect$$libinit$$00000021  c_w.l(libinit2.o)
    0x080001c6   0x080001c6   0x00000000   Code   RO         3005    .ARM.Collect$$libinit$$00000023  c_w.l(libinit2.o)
    0x080001c6   0x080001c6   0x00000000   Code   RO         3007    .ARM.Collect$$libinit$$00000025  c_w.l(libinit2.o)
    0x080001c6   0x080001c6   0x00000000   Code   RO         3011    .ARM.Collect$$libinit$$0000002C  c_w.l(libinit2.o)
    0x080001c6   0x080001c6   0x00000000   Code   RO         3013    .ARM.Collect$$libinit$$0000002E  c_w.l(libinit2.o)
    0x080001c6   0x080001c6   0x00000000   Code   RO         3015    .ARM.Collect$$libinit$$00000030  c_w.l(libinit2.o)
    0x080001c6   0x080001c6   0x00000000   Code   RO         3017    .ARM.Collect$$libinit$$00000032  c_w.l(libinit2.o)
    0x080001c6   0x080001c6   0x00000002   Code   RO         3018    .ARM.Collect$$libinit$$00000033  c_w.l(libinit2.o)
    0x080001c8   0x080001c8   0x00000002   Code   RO         3048    .ARM.Collect$$libshutdown$$00000000  c_w.l(libshutdown.o)
    0x080001ca   0x080001ca   0x00000000   Code   RO         3059    .ARM.Collect$$libshutdown$$00000002  c_w.l(libshutdown2.o)
    0x080001ca   0x080001ca   0x00000000   Code   RO         3061    .ARM.Collect$$libshutdown$$00000004  c_w.l(libshutdown2.o)
    0x080001ca   0x080001ca   0x00000000   Code   RO         3063    .ARM.Collect$$libshutdown$$00000006  c_w.l(libshutdown2.o)
    0x080001ca   0x080001ca   0x00000000   Code   RO         3066    .ARM.Collect$$libshutdown$$00000009  c_w.l(libshutdown2.o)
    0x080001ca   0x080001ca   0x00000000   Code   RO         3069    .ARM.Collect$$libshutdown$$0000000C  c_w.l(libshutdown2.o)
    0x080001ca   0x080001ca   0x00000000   Code   RO         3071    .ARM.Collect$$libshutdown$$0000000E  c_w.l(libshutdown2.o)
    0x080001ca   0x080001ca   0x00000000   Code   RO         3074    .ARM.Collect$$libshutdown$$00000011  c_w.l(libshutdown2.o)
    0x080001ca   0x080001ca   0x00000002   Code   RO         3075    .ARM.Collect$$libshutdown$$00000012  c_w.l(libshutdown2.o)
    0x080001cc   0x080001cc   0x00000000   Code   RO         2880    .ARM.Collect$$rtentry$$00000000  c_w.l(__rtentry.o)
    0x080001cc   0x080001cc   0x00000000   Code   RO         2902    .ARM.Collect$$rtentry$$00000002  c_w.l(__rtentry2.o)
    0x080001cc   0x080001cc   0x00000006   Code   RO         2914    .ARM.Collect$$rtentry$$00000004  c_w.l(__rtentry4.o)
    0x080001d2   0x080001d2   0x00000000   Code   RO         2904    .ARM.Collect$$rtentry$$00000009  c_w.l(__rtentry2.o)
    0x080001d2   0x080001d2   0x00000004   Code   RO         2905    .ARM.Collect$$rtentry$$0000000A  c_w.l(__rtentry2.o)
    0x080001d6   0x080001d6   0x00000000   Code   RO         2907    .ARM.Collect$$rtentry$$0000000C  c_w.l(__rtentry2.o)
    0x080001d6   0x080001d6   0x00000008   Code   RO         2908    .ARM.Collect$$rtentry$$0000000D  c_w.l(__rtentry2.o)
    0x080001de   0x080001de   0x00000002   Code   RO         3019    .ARM.Collect$$rtexit$$00000000  c_w.l(rtexit.o)
    0x080001e0   0x080001e0   0x00000000   Code   RO         3026    .ARM.Collect$$rtexit$$00000002  c_w.l(rtexit2.o)
    0x080001e0   0x080001e0   0x00000004   Code   RO         3027    .ARM.Collect$$rtexit$$00000003  c_w.l(rtexit2.o)
    0x080001e4   0x080001e4   0x00000006   Code   RO         3028    .ARM.Collect$$rtexit$$00000004  c_w.l(rtexit2.o)
    0x080001ea   0x080001ea   0x00000002   PAD
    0x080001ec   0x080001ec   0x00000040   Code   RO          477    .text               startup_stm32f103xe.o
    0x0800022c   0x0800022c   0x00000028   Code   RO         2805    .text               c_w.l(noretval__2sprintf.o)
    0x08000254   0x08000254   0x00000078   Code   RO         2809    .text               c_w.l(_printf_dec.o)
    0x080002cc   0x080002cc   0x00000160   Code   RO         2826    .text               c_w.l(__printf_ss_wp.o)
    0x0800042c   0x0800042c   0x0000003e   Code   RO         2834    .text               c_w.l(strlen.o)
    0x0800046a   0x0800046a   0x00000018   Code   RO         2836    .text               c_w.l(strcat.o)
    0x08000482   0x08000482   0x0000008a   Code   RO         2838    .text               c_w.l(rt_memcpy_v6.o)
    0x0800050c   0x0800050c   0x0000004e   Code   RO         2840    .text               c_w.l(rt_memclr_w.o)
    0x0800055a   0x0800055a   0x00000006   Code   RO         2842    .text               c_w.l(heapauxi.o)
    0x08000560   0x08000560   0x000000b2   Code   RO         2881    .text               c_w.l(_printf_intcommon.o)
    0x08000612   0x08000612   0x0000041e   Code   RO         2883    .text               c_w.l(_printf_fp_dec.o)
    0x08000a30   0x08000a30   0x00000030   Code   RO         2885    .text               c_w.l(_printf_char_common.o)
    0x08000a60   0x08000a60   0x0000000a   Code   RO         2887    .text               c_w.l(_sputc.o)
    0x08000a6a   0x08000a6a   0x00000064   Code   RO         2890    .text               c_w.l(rt_memcpy_w.o)
    0x08000ace   0x08000ace   0x00000002   PAD
    0x08000ad0   0x08000ad0   0x00000008   Code   RO         2919    .text               c_w.l(rt_locale_intlibspace.o)
    0x08000ad8   0x08000ad8   0x0000008a   Code   RO         2921    .text               c_w.l(lludiv10.o)
    0x08000b62   0x08000b62   0x00000002   PAD
    0x08000b64   0x08000b64   0x00000080   Code   RO         2923    .text               c_w.l(_printf_fp_infnan.o)
    0x08000be4   0x08000be4   0x000000e4   Code   RO         2927    .text               c_w.l(bigflt0.o)
    0x08000cc8   0x08000cc8   0x00000008   Code   RO         2959    .text               c_w.l(libspace.o)
    0x08000cd0   0x08000cd0   0x0000004a   Code   RO         2962    .text               c_w.l(sys_stackheap_outer.o)
    0x08000d1a   0x08000d1a   0x00000012   Code   RO         2964    .text               c_w.l(exit.o)
    0x08000d2c   0x08000d2c   0x00000080   Code   RO         2966    .text               c_w.l(strcmpv7m.o)
    0x08000dac   0x08000dac   0x0000000c   Code   RO         3038    .text               c_w.l(sys_exit.o)
    0x08000db8   0x08000db8   0x00000002   Code   RO         3049    .text               c_w.l(use_no_semi.o)
    0x08000dba   0x08000dba   0x00000000   Code   RO         3051    .text               c_w.l(indicate_semi.o)
    0x08000dba   0x08000dba   0x0000003e   Code   RO         2930    CL$$btod_d2e        c_w.l(btod.o)
    0x08000df8   0x08000df8   0x00000046   Code   RO         2932    CL$$btod_d2e_denorm_low  c_w.l(btod.o)
    0x08000e3e   0x08000e3e   0x00000060   Code   RO         2931    CL$$btod_d2e_norm_op1  c_w.l(btod.o)
    0x08000e9e   0x08000e9e   0x00000338   Code   RO         2940    CL$$btod_div_common  c_w.l(btod.o)
    0x080011d6   0x080011d6   0x000000dc   Code   RO         2937    CL$$btod_e2e        c_w.l(btod.o)
    0x080012b2   0x080012b2   0x0000002a   Code   RO         2934    CL$$btod_ediv       c_w.l(btod.o)
    0x080012dc   0x080012dc   0x0000002a   Code   RO         2933    CL$$btod_emul       c_w.l(btod.o)
    0x08001306   0x08001306   0x00000244   Code   RO         2939    CL$$btod_mult_common  c_w.l(btod.o)
    0x0800154a   0x0800154a   0x00000002   PAD
    0x0800154c   0x0800154c   0x00000056   Code   RO          520    i.ADC_ConversionStop_Disable  stm32f1xx_hal_adc.o
    0x080015a2   0x080015a2   0x00000002   PAD
    0x080015a4   0x080015a4   0x0000007c   Code   RO          524    i.ADC_Enable        stm32f1xx_hal_adc.o
    0x08001620   0x08001620   0x00000002   Code   RO          365    i.BusFault_Handler  stm32f1xx_it.o
    0x08001622   0x08001622   0x00000002   Code   RO          366    i.DebugMon_Handler  stm32f1xx_it.o
    0x08001624   0x08001624   0x00000004   Code   RO            4    i.Error_Handler     main.o
    0x08001628   0x08001628   0x0000003c   Code   RO         1781    i.FSMC_NORSRAM_Extended_Timing_Init  stm32f1xx_ll_fsmc.o
    0x08001664   0x08001664   0x00000068   Code   RO         1782    i.FSMC_NORSRAM_Init  stm32f1xx_ll_fsmc.o
    0x080016cc   0x080016cc   0x00000044   Code   RO         1783    i.FSMC_NORSRAM_Timing_Init  stm32f1xx_ll_fsmc.o
    0x08001710   0x08001710   0x000000d8   Code   RO          700    i.HAL_ADCEx_Calibration_Start  stm32f1xx_hal_adc_ex.o
    0x080017e8   0x080017e8   0x000000fc   Code   RO          526    i.HAL_ADC_ConfigChannel  stm32f1xx_hal_adc.o
    0x080018e4   0x080018e4   0x00000006   Code   RO          533    i.HAL_ADC_GetValue  stm32f1xx_hal_adc.o
    0x080018ea   0x080018ea   0x00000002   PAD
    0x080018ec   0x080018ec   0x00000120   Code   RO          535    i.HAL_ADC_Init      stm32f1xx_hal_adc.o
    0x08001a0c   0x08001a0c   0x00000058   Code   RO          239    i.HAL_ADC_MspInit   adc.o
    0x08001a64   0x08001a64   0x0000013c   Code   RO          539    i.HAL_ADC_PollForConversion  stm32f1xx_hal_adc.o
    0x08001ba0   0x08001ba0   0x000000c0   Code   RO          541    i.HAL_ADC_Start     stm32f1xx_hal_adc.o
    0x08001c60   0x08001c60   0x00000034   Code   RO          544    i.HAL_ADC_Stop      stm32f1xx_hal_adc.o
    0x08001c94   0x08001c94   0x00000046   Code   RO         1177    i.HAL_DMA_Abort     stm32f1xx_hal_dma.o
    0x08001cda   0x08001cda   0x00000002   PAD
    0x08001cdc   0x08001cdc   0x00000130   Code   RO         1178    i.HAL_DMA_Abort_IT  stm32f1xx_hal_dma.o
    0x08001e0c   0x08001e0c   0x000001f8   Code   RO         1113    i.HAL_GPIO_Init     stm32f1xx_hal_gpio.o
    0x08002004   0x08002004   0x0000000a   Code   RO         1115    i.HAL_GPIO_ReadPin  stm32f1xx_hal_gpio.o
    0x0800200e   0x0800200e   0x0000000a   Code   RO         1117    i.HAL_GPIO_WritePin  stm32f1xx_hal_gpio.o
    0x08002018   0x08002018   0x0000000c   Code   RO          807    i.HAL_GetTick       stm32f1xx_hal.o
    0x08002024   0x08002024   0x00000010   Code   RO          813    i.HAL_IncTick       stm32f1xx_hal.o
    0x08002034   0x08002034   0x00000024   Code   RO          814    i.HAL_Init          stm32f1xx_hal.o
    0x08002058   0x08002058   0x00000040   Code   RO          815    i.HAL_InitTick      stm32f1xx_hal.o
    0x08002098   0x08002098   0x0000003c   Code   RO          453    i.HAL_MspInit       stm32f1xx_hal_msp.o
    0x080020d4   0x080020d4   0x0000001a   Code   RO         1273    i.HAL_NVIC_EnableIRQ  stm32f1xx_hal_cortex.o
    0x080020ee   0x080020ee   0x00000002   PAD
    0x080020f0   0x080020f0   0x00000040   Code   RO         1279    i.HAL_NVIC_SetPriority  stm32f1xx_hal_cortex.o
    0x08002130   0x08002130   0x00000024   Code   RO         1280    i.HAL_NVIC_SetPriorityGrouping  stm32f1xx_hal_cortex.o
    0x08002154   0x08002154   0x000000b8   Code   RO         1074    i.HAL_RCCEx_GetPeriphCLKFreq  stm32f1xx_hal_rcc_ex.o
    0x0800220c   0x0800220c   0x000000ec   Code   RO         1075    i.HAL_RCCEx_PeriphCLKConfig  stm32f1xx_hal_rcc_ex.o
    0x080022f8   0x080022f8   0x0000012c   Code   RO          971    i.HAL_RCC_ClockConfig  stm32f1xx_hal_rcc.o
    0x08002424   0x08002424   0x00000020   Code   RO          978    i.HAL_RCC_GetPCLK1Freq  stm32f1xx_hal_rcc.o
    0x08002444   0x08002444   0x00000020   Code   RO          979    i.HAL_RCC_GetPCLK2Freq  stm32f1xx_hal_rcc.o
    0x08002464   0x08002464   0x0000004c   Code   RO          980    i.HAL_RCC_GetSysClockFreq  stm32f1xx_hal_rcc.o
    0x080024b0   0x080024b0   0x00000320   Code   RO          983    i.HAL_RCC_OscConfig  stm32f1xx_hal_rcc.o
    0x080027d0   0x080027d0   0x00000064   Code   RO         1903    i.HAL_SRAM_Init     stm32f1xx_hal_sram.o
    0x08002834   0x08002834   0x00000090   Code   RO         2509    i.HAL_SRAM_MspInit  lcd.o
    0x080028c4   0x080028c4   0x00000018   Code   RO         1282    i.HAL_SYSTICK_CLKSourceConfig  stm32f1xx_hal_cortex.o
    0x080028dc   0x080028dc   0x00000028   Code   RO         1284    i.HAL_SYSTICK_Config  stm32f1xx_hal_cortex.o
    0x08002904   0x08002904   0x00000002   Code   RO         2082    i.HAL_UARTEx_RxEventCallback  stm32f1xx_hal_uart.o
    0x08002906   0x08002906   0x00000002   Code   RO         2096    i.HAL_UART_ErrorCallback  stm32f1xx_hal_uart.o
    0x08002908   0x08002908   0x0000026c   Code   RO         2099    i.HAL_UART_IRQHandler  stm32f1xx_hal_uart.o
    0x08002b74   0x08002b74   0x00000064   Code   RO         2100    i.HAL_UART_Init     stm32f1xx_hal_uart.o
    0x08002bd8   0x08002bd8   0x000000dc   Code   RO          318    i.HAL_UART_MspInit  usart.o
    0x08002cb4   0x08002cb4   0x000000ac   Code   RO         2103    i.HAL_UART_Receive  stm32f1xx_hal_uart.o
    0x08002d60   0x08002d60   0x00000002   Code   RO         2106    i.HAL_UART_RxCpltCallback  stm32f1xx_hal_uart.o
    0x08002d62   0x08002d62   0x00000032   Code   RO         2110    i.HAL_UART_Transmit_IT  stm32f1xx_hal_uart.o
    0x08002d94   0x08002d94   0x00000002   Code   RO         2111    i.HAL_UART_TxCpltCallback  stm32f1xx_hal_uart.o
    0x08002d96   0x08002d96   0x00000002   Code   RO          367    i.HardFault_Handler  stm32f1xx_it.o
    0x08002d98   0x08002d98   0x00000060   Code   RO         2771    i.KEY_Init          key.o
    0x08002df8   0x08002df8   0x000000a8   Code   RO         2772    i.KEY_Scan          key.o
    0x08002ea0   0x08002ea0   0x00000030   Code   RO            5    i.Key_              main.o
    0x08002ed0   0x08002ed0   0x00000030   Code   RO         2511    i.LCD_Clear         lcd.o
    0x08002f00   0x08002f00   0x000000b8   Code   RO         2515    i.LCD_Display_Dir   lcd.o
    0x08002fb8   0x08002fb8   0x000000d0   Code   RO         2520    i.LCD_Fast_DrawPoint  lcd.o
    0x08003088   0x08003088   0x00002540   Code   RO         2522    i.LCD_Init          lcd.o
    0x080055c8   0x080055c8   0x00000014   Code   RO         2524    i.LCD_RD_DATA       lcd.o
    0x080055dc   0x080055dc   0x0000004c   Code   RO         2527    i.LCD_SSD_BackLightSet  lcd.o
    0x08005628   0x08005628   0x00000180   Code   RO         2528    i.LCD_Scan_Dir      lcd.o
    0x080057a8   0x080057a8   0x000000f4   Code   RO         2529    i.LCD_SetCursor     lcd.o
    0x0800589c   0x0800589c   0x000000d4   Code   RO         2531    i.LCD_ShowChar      lcd.o
    0x08005970   0x08005970   0x00000054   Code   RO         2533    i.LCD_ShowString    lcd.o
    0x080059c4   0x080059c4   0x00000018   Code   RO         2535    i.LCD_WR_DATA       lcd.o
    0x080059dc   0x080059dc   0x00000018   Code   RO         2536    i.LCD_WR_REG        lcd.o
    0x080059f4   0x080059f4   0x00000014   Code   RO         2538    i.LCD_WriteRAM_Prepare  lcd.o
    0x08005a08   0x08005a08   0x00000010   Code   RO         2539    i.LCD_WriteReg      lcd.o
    0x08005a18   0x08005a18   0x000000c8   Code   RO            6    i.LCD_show          main.o
    0x08005ae0   0x08005ae0   0x00000080   Code   RO          240    i.MX_ADC1_Init      adc.o
    0x08005b60   0x08005b60   0x00000078   Code   RO          281    i.MX_FSMC_Init      fsmc.o
    0x08005bd8   0x08005bd8   0x000000ac   Code   RO          214    i.MX_GPIO_Init      gpio.o
    0x08005c84   0x08005c84   0x00000038   Code   RO          319    i.MX_USART1_UART_Init  usart.o
    0x08005cbc   0x08005cbc   0x00000038   Code   RO          320    i.MX_USART3_UART_Init  usart.o
    0x08005cf4   0x08005cf4   0x00000002   Code   RO          368    i.MemManage_Handler  stm32f1xx_it.o
    0x08005cf6   0x08005cf6   0x00000002   Code   RO          369    i.NMI_Handler       stm32f1xx_it.o
    0x08005cf8   0x08005cf8   0x00000002   Code   RO          370    i.PendSV_Handler    stm32f1xx_it.o
    0x08005cfa   0x08005cfa   0x00000002   Code   RO          371    i.SVC_Handler       stm32f1xx_it.o
    0x08005cfc   0x08005cfc   0x00000004   Code   RO          372    i.SysTick_Handler   stm32f1xx_it.o
    0x08005d00   0x08005d00   0x0000007a   Code   RO            7    i.SystemClock_Config  main.o
    0x08005d7a   0x08005d7a   0x00000002   Code   RO         2434    i.SystemInit        system_stm32f1xx.o
    0x08005d7c   0x08005d7c   0x00000010   Code   RO         2113    i.UART_DMAAbortOnError  stm32f1xx_hal_uart.o
    0x08005d8c   0x08005d8c   0x0000004e   Code   RO         2123    i.UART_EndRxTransfer  stm32f1xx_hal_uart.o
    0x08005dda   0x08005dda   0x00000002   PAD
    0x08005ddc   0x08005ddc   0x00000050   Code   RO            8    i.UART_Receive      main.o
    0x08005e2c   0x08005e2c   0x000000c2   Code   RO         2125    i.UART_Receive_IT   stm32f1xx_hal_uart.o
    0x08005eee   0x08005eee   0x00000002   PAD
    0x08005ef0   0x08005ef0   0x00000060   Code   RO            9    i.UART_Send         main.o
    0x08005f50   0x08005f50   0x000000b8   Code   RO         2126    i.UART_SetConfig    stm32f1xx_hal_uart.o
    0x08006008   0x08006008   0x00000078   Code   RO         2129    i.UART_WaitOnFlagUntilTimeout  stm32f1xx_hal_uart.o
    0x08006080   0x08006080   0x0000000c   Code   RO          373    i.USART1_IRQHandler  stm32f1xx_it.o
    0x0800608c   0x0800608c   0x0000000c   Code   RO          374    i.USART3_IRQHandler  stm32f1xx_it.o
    0x08006098   0x08006098   0x00000002   Code   RO          375    i.UsageFault_Handler  stm32f1xx_it.o
    0x0800609a   0x0800609a   0x00000028   Code   RO         2957    i.__ARM_fpclassify  m_ws.l(fpclassify.o)
    0x080060c2   0x080060c2   0x00000020   Code   RO         1286    i.__NVIC_SetPriority  stm32f1xx_hal_cortex.o
    0x080060e2   0x080060e2   0x0000000e   Code   RO         2821    i._is_digit         c_w.l(__printf_wp.o)
    0x080060f0   0x080060f0   0x00000014   Code   RO         2471    i.delay_init        delay.o
    0x08006104   0x08006104   0x0000001a   Code   RO         2472    i.delay_ms          delay.o
    0x0800611e   0x0800611e   0x00000002   PAD
    0x08006120   0x08006120   0x00000034   Code   RO         2473    i.delay_us          delay.o
    0x08006154   0x08006154   0x0000006c   Code   RO           10    i.main              main.o
    0x080061c0   0x080061c0   0x000000b4   Code   RO           11    i.receive_ADC       main.o
    0x08006274   0x08006274   0x00000020   Code   RO           12    i.scan              main.o
    0x08006294   0x08006294   0x0000002c   Code   RO         2953    locale$$code        c_w.l(lc_numeric_c.o)
    0x080062c0   0x080062c0   0x00000062   Code   RO         2846    x$fpl$d2f           fz_ws.l(d2f.o)
    0x08006322   0x08006322   0x00000002   PAD
    0x08006324   0x08006324   0x00000150   Code   RO         2848    x$fpl$dadd          fz_ws.l(daddsub_clz.o)
    0x08006474   0x08006474   0x000002b0   Code   RO         2855    x$fpl$ddiv          fz_ws.l(ddiv.o)
    0x08006724   0x08006724   0x0000005a   Code   RO         2858    x$fpl$dfixu         fz_ws.l(dfixu.o)
    0x0800677e   0x0800677e   0x00000026   Code   RO         2862    x$fpl$dfltu         fz_ws.l(dflt_clz.o)
    0x080067a4   0x080067a4   0x00000154   Code   RO         2868    x$fpl$dmul          fz_ws.l(dmul.o)
    0x080068f8   0x080068f8   0x0000009c   Code   RO         2892    x$fpl$dnaninf       fz_ws.l(dnaninf.o)
    0x08006994   0x08006994   0x0000000c   Code   RO         2894    x$fpl$dretinf       fz_ws.l(dretinf.o)
    0x080069a0   0x080069a0   0x00000016   Code   RO         2849    x$fpl$drsb          fz_ws.l(daddsub_clz.o)
    0x080069b6   0x080069b6   0x00000002   PAD
    0x080069b8   0x080069b8   0x000001d4   Code   RO         2850    x$fpl$dsub          fz_ws.l(daddsub_clz.o)
    0x08006b8c   0x08006b8c   0x00000056   Code   RO         2870    x$fpl$f2d           fz_ws.l(f2d.o)
    0x08006be2   0x08006be2   0x00000002   PAD
    0x08006be4   0x08006be4   0x00000030   Code   RO         2873    x$fpl$fflt          fz_ws.l(fflt_clz.o)
    0x08006c14   0x08006c14   0x0000008c   Code   RO         2896    x$fpl$fnaninf       fz_ws.l(fnaninf.o)
    0x08006ca0   0x08006ca0   0x0000000a   Code   RO         2898    x$fpl$fretinf       fz_ws.l(fretinf.o)
    0x08006caa   0x08006caa   0x00000004   Code   RO         2878    x$fpl$printf1       fz_ws.l(printf1.o)
    0x08006cae   0x08006cae   0x00000000   Code   RO         2900    x$fpl$usenofp       fz_ws.l(usenofp.o)
    0x08006cae   0x08006cae   0x00000012   Data   RO          984    .constdata          stm32f1xx_hal_rcc.o
    0x08006cc0   0x08006cc0   0x00000012   Data   RO         1076    .constdata          stm32f1xx_hal_rcc_ex.o
    0x08006cd2   0x08006cd2   0x00000010   Data   RO         2435    .constdata          system_stm32f1xx.o
    0x08006ce2   0x08006ce2   0x00000008   Data   RO         2436    .constdata          system_stm32f1xx.o
    0x08006cea   0x08006cea   0x000017c0   Data   RO         2542    .constdata          lcd.o
    0x080084aa   0x080084aa   0x00000002   PAD
    0x080084ac   0x080084ac   0x00000094   Data   RO         2928    .constdata          c_w.l(bigflt0.o)
    0x08008540   0x08008540   0x00000020   Data   RO         3100    Region$$Table       anon$$obj.o
    0x08008560   0x08008560   0x0000001c   Data   RO         2952    locale$$data        c_w.l(lc_numeric_c.o)


    Execution Region RW_IRAM1 (Exec base: 0x20000000, Load base: 0x0800857c, Size: 0x00000a28, Max: 0x00010000, ABSOLUTE)

    Exec Addr    Load Addr    Size         Type   Attr      Idx    E Section Name        Object

    0x20000000   0x0800857c   0x00000074   Data   RW           15    .data               main.o
    0x20000074   0x080085f0   0x0000000c   Data   RW          821    .data               stm32f1xx_hal.o
    0x20000080   0x080085fc   0x00000004   Data   RW         2437    .data               system_stm32f1xx.o
    0x20000084   0x08008600   0x00000004   Data   RW         2474    .data               delay.o
    0x20000088   0x08008604   0x00000008   Data   RW         2544    .data               lcd.o
    0x20000090   0x0800860c   0x00000001   Data   RW         2773    .data               key.o
    0x20000091   0x0800860d   0x00000003   PAD
    0x20000094        -       0x000001ce   Zero   RW           14    .bss                main.o
    0x20000262   0x0800860d   0x00000002   PAD
    0x20000264        -       0x00000030   Zero   RW          241    .bss                adc.o
    0x20000294        -       0x00000048   Zero   RW          282    .bss                fsmc.o
    0x200002dc        -       0x00000090   Zero   RW          321    .bss                usart.o
    0x2000036c        -       0x00000056   Zero   RW         2541    .bss                lcd.o
    0x200003c2   0x0800860d   0x00000002   PAD
    0x200003c4        -       0x00000060   Zero   RW         2960    .bss                c_w.l(libspace.o)
    0x20000424   0x0800860d   0x00000004   PAD
    0x20000428        -       0x00000200   Zero   RW          475    HEAP                startup_stm32f103xe.o
    0x20000628        -       0x00000400   Zero   RW          474    STACK               startup_stm32f103xe.o


==============================================================================

Image component sizes


      Code (inc. data)   RO Data    RW Data    ZI Data      Debug   Object Name

       216         22          0          0         48       1829   adc.o
        98          8          0          4          0       1935   delay.o
       120         12          0          0         72        872   fsmc.o
       172          8          0          0          0       1119   gpio.o
       264         24          0          1          0       1650   key.o
     11224        136       6080          8         86      18304   lcd.o
       870        186          0        116        462     497173   main.o
        64         26        304          0       1536        800   startup_stm32f103xe.o
       128         24          0         12          0       6157   stm32f1xx_hal.o
      1316         58          0          0          0       7607   stm32f1xx_hal_adc.o
       216          6          0          0          0       1502   stm32f1xx_hal_adc_ex.o
       222         14          0          0          0      29805   stm32f1xx_hal_cortex.o
       374          8          0          0          0       1943   stm32f1xx_hal_dma.o
       524         42          0          0          0       3679   stm32f1xx_hal_gpio.o
        60          8          0          0          0        942   stm32f1xx_hal_msp.o
      1240         84         18          0          0       5328   stm32f1xx_hal_rcc.o
       420         30         18          0          0       2621   stm32f1xx_hal_rcc_ex.o
       100          0          0          0          0       1288   stm32f1xx_hal_sram.o
      1542         10          0          0          0      11270   stm32f1xx_hal_uart.o
        44         12          0          0          0       5134   stm32f1xx_it.o
       232         14          0          0          0       3999   stm32f1xx_ll_fsmc.o
         2          0         24          4          0       1227   system_stm32f1xx.o
       332         38          0          0        144       2535   usart.o

    ----------------------------------------------------------------------
     19794        770       6478        148       2352     608719   Object Totals
         0          0         32          0          0          0   (incl. Generated)
        14          0          2          3          4          0   (incl. Padding)

    ----------------------------------------------------------------------

      Code (inc. data)   RO Data    RW Data    ZI Data      Debug   Library Member Name

         8          0          0          0          0         68   __main.o
       352          0          0          0          0         88   __printf_ss_wp.o
        14          0          0          0          0         68   __printf_wp.o
         0          0          0          0          0          0   __rtentry.o
        12          0          0          0          0          0   __rtentry2.o
         6          0          0          0          0          0   __rtentry4.o
        52          8          0          0          0          0   __scatter.o
        26          0          0          0          0          0   __scatter_copy.o
        28          0          0          0          0          0   __scatter_zi.o
        48          6          0          0          0         96   _printf_char_common.o
         6          0          0          0          0          0   _printf_d.o
       120         16          0          0          0         92   _printf_dec.o
         6          0          0          0          0          0   _printf_f.o
      1054          0          0          0          0        216   _printf_fp_dec.o
       128         16          0          0          0         84   _printf_fp_infnan.o
       178          0          0          0          0         88   _printf_intcommon.o
         0          0          0          0          0          0   _printf_percent.o
         4          0          0          0          0          0   _printf_percent_end.o
        10          0          0          0          0         68   _sputc.o
       228          4        148          0          0         96   bigflt0.o
      1936        128          0          0          0        672   btod.o
        18          0          0          0          0         80   exit.o
         6          0          0          0          0        152   heapauxi.o
         0          0          0          0          0          0   indicate_semi.o
        44         10         28          0          0         76   lc_numeric_c.o
         2          0          0          0          0          0   libinit.o
        18          0          0          0          0          0   libinit2.o
         2          0          0          0          0          0   libshutdown.o
         2          0          0          0          0          0   libshutdown2.o
         8          4          0          0         96         68   libspace.o
       138          0          0          0          0         80   lludiv10.o
        40          6          0          0          0         84   noretval__2sprintf.o
         8          4          0          0          0         68   rt_locale_intlibspace.o
        78          0          0          0          0         80   rt_memclr_w.o
       138          0          0          0          0         68   rt_memcpy_v6.o
       100          0          0          0          0         80   rt_memcpy_w.o
         2          0          0          0          0          0   rtexit.o
        10          0          0          0          0          0   rtexit2.o
        24          0          0          0          0         68   strcat.o
       128          0          0          0          0         68   strcmpv7m.o
        62          0          0          0          0         76   strlen.o
        12          4          0          0          0         68   sys_exit.o
        74          0          0          0          0         80   sys_stackheap_outer.o
         2          0          0          0          0         68   use_no_semi.o
        98          4          0          0          0         92   d2f.o
       826         16          0          0          0        348   daddsub_clz.o
       688        140          0          0          0        208   ddiv.o
        90          4          0          0          0         92   dfixu.o
        38          0          0          0          0         68   dflt_clz.o
       340         12          0          0          0        104   dmul.o
       156          4          0          0          0         92   dnaninf.o
        12          0          0          0          0         68   dretinf.o
        86          4          0          0          0         84   f2d.o
        48          0          0          0          0         68   fflt_clz.o
       140          4          0          0          0         84   fnaninf.o
        10          0          0          0          0         68   fretinf.o
         4          0          0          0          0         68   printf1.o
         0          0          0          0          0          0   usenofp.o
        40          0          0          0          0         68   fpclassify.o

    ----------------------------------------------------------------------
      7724        394        176          0        100       4412   Library Totals
        16          0          0          0          4          0   (incl. Padding)

    ----------------------------------------------------------------------

      Code (inc. data)   RO Data    RW Data    ZI Data      Debug   Library Name

      5132        206        176          0         96       2900   c_w.l
      2536        188          0          0          0       1444   fz_ws.l
        40          0          0          0          0         68   m_ws.l

    ----------------------------------------------------------------------
      7724        394        176          0        100       4412   Library Totals

    ----------------------------------------------------------------------

==============================================================================


      Code (inc. data)   RO Data    RW Data    ZI Data      Debug   

     27518       1164       6654        148       2452     606003   Grand Totals
     27518       1164       6654        148       2452     606003   ELF Image Totals
     27518       1164       6654        148          0          0   ROM Totals

==============================================================================

    Total RO  Size (Code + RO Data)                34172 (  33.37kB)
    Total RW  Size (RW Data + ZI Data)              2600 (   2.54kB)
    Total ROM Size (Code + RO Data + RW Data)      34320 (  33.52kB)

==============================================================================

