<html>
<body>
<pre>
<h1>µVision Build Log</h1>
<h2>Tool Versions:</h2>
IDE-Version: µVision V5.14.0.0
Copyright (C) 2015 ARM Ltd and ARM Germany GmbH. All rights reserved.
License Information: 1 glass, 1, LIC=ATTQ1-CHXC0-Z9QG9-4XYQ1-8KHDG-14B7X
 
Tool Versions:
Toolchain:       MDK-ARM Standard  Version: 5.14.0.0
Toolchain Path:  D:\keil_MDK\ARM\ARMCC\Bin
C Compiler:      Armcc.exe V5.05 update 1 (build 106)
Assembler:       Armasm.exe V5.05 update 1 (build 106)
Linker/Locator:  ArmLink.exe V5.05 update 1 (build 106)
Library Manager: ArmAr.exe V5.05 update 1 (build 106)
Hex Converter:   FromElf.exe V5.05 update 1 (build 106)
CPU DLL:         SARMCM3.DLL V5.14.0.0
Dialog DLL:      DCM.DLL V1.13.1.0
Target DLL:      UL2CM3.DLL V1.155.0.0
Dialog DLL:      TCM.DLL V1.14.4.0
 
<h2>Project:</h2>
E:\Project\Micro Control Unit\keil_project\STM32F103C8T6_Hal\serial2_ADC\MDK-ARM\serial2_ADC.uvprojx
Project File Date:  12/31/2023

<h2>Output:</h2>
Build target 'serial2_ADC'
compiling main.c...
../Core/Src/main.c(84): warning:  #167-D: argument of type "char *" is incompatible with parameter of type "u8 *"
                 LCD_ShowString(30,40,210,16,16,TXT_light);     
../Core/Src/main.c(87): warning:  #167-D: argument of type "char *" is incompatible with parameter of type "u8 *"
                 LCD_ShowString(30,70,200,16,16,TXT_humidity);
../Core/Src/main.c(90): warning:  #167-D: argument of type "char *" is incompatible with parameter of type "u8 *"
                 LCD_ShowString(30,100,200,16,16,TXT_temperature);
../Core/Src/main.c(93): warning:  #167-D: argument of type "char *" is incompatible with parameter of type "u8 *"
                 LCD_ShowString(30,130,200,16,16,IP);                                   
../Core/Src/main.c: 4 warnings, 0 errors
linking...
Program Size: Code=27478 RO-data=6654 RW-data=148 ZI-data=2452  
FromELF: creating hex file...
".\serial2_ADC\serial2_ADC.axf" - 0 Error(s), 4 Warning(s).

<h2>Software Packages used:</h2>

Package Vendor: ARM
                http://www.keil.com/pack/ARM.CMSIS.4.2.0.pack
                ARM::CMSIS:CORE:3.40.0
                CMSIS (Cortex Microcontroller Software Interface Standard)
   * Component: CORE Version: 3.40.0

<h2>Collection of Component include folders:</h2>
  E:\Project\Micro Control Unit\keil_project\STM32F103C8T6_Hal\serial2_ADC\MDK-ARM\RTE
  D:\keil_MDK\ARM\PACK\ARM\CMSIS\4.2.0\CMSIS\Include
  D:\keil_MDK\ARM\PACK\Keil\STM32F1xx_DFP\2.3.0

<h2>Collection of Component Files used:</h2>

   * Component: ARM::CMSIS:CORE:3.40.0
      Source file:   CMSIS\UserCodeTemplates\ARM\ITM_Retarget.c
</pre>
</body>
</html>
